[0s] stage 00 done
    seed 20261210: 11358 pair-attempts -> 400 accepts (3.5%)
[1s] seed 20261210: 400 semiprimes
    seed 20261211: 12264 pair-attempts -> 400 accepts (3.3%)
[1s] seed 20261211: 400 semiprimes
    seed 20261212: 13207 pair-attempts -> 400 accepts (3.0%)
[2s] seed 20261212: 400 semiprimes
[2s] stage 01 done
[2s] stage 02 done: T mean=1.5735 range=[0.495,2.745]; cnt mean=12.06
[2s] seed 20261210: values+bounds built (B~[101792381,116799421])
[2s] seed 20261211: values+bounds built (B~[101682839,116786659])
[2s] seed 20261212: values+bounds built (B~[101653134,116836194])
[3s] prime base: Bmax=116836194, 6671532 big primes
    [0] big-prime 0/6671532 (p=401) live=31987 elapsed=0s
    [1] big-prime 0/6671532 (p=401) live=31989 elapsed=0s
    [2] big-prime 0/6671532 (p=401) live=31989 elapsed=0s
    [3] big-prime 0/6671532 (p=401) live=31992 elapsed=0s
    [4] big-prime 0/6671532 (p=401) live=31992 elapsed=0s
    [5] big-prime 0/6671532 (p=401) live=31993 elapsed=0s
    [6] big-prime 0/6671532 (p=401) live=31991 elapsed=0s
    [8] big-prime 0/6671532 (p=401) live=31986 elapsed=0s
    [7] big-prime 0/6671532 (p=401) live=31986 elapsed=0s
    [8] big-prime 200000/6671532 (p=2751293) live=22388 elapsed=56s
    [3] big-prime 200000/6671532 (p=2751293) live=22394 elapsed=57s
    [0] big-prime 200000/6671532 (p=2751293) live=22389 elapsed=57s
    [5] big-prime 200000/6671532 (p=2751293) live=22395 elapsed=57s
    [6] big-prime 200000/6671532 (p=2751293) live=22393 elapsed=57s
    [1] big-prime 200000/6671532 (p=2751293) live=22392 elapsed=57s
    [7] big-prime 200000/6671532 (p=2751293) live=22390 elapsed=57s
    [2] big-prime 200000/6671532 (p=2751293) live=22392 elapsed=57s
    [4] big-prime 200000/6671532 (p=2751293) live=22393 elapsed=58s
    [8] big-prime 400000/6671532 (p=5801461) live=22388 elapsed=102s
    [1] big-prime 400000/6671532 (p=5801461) live=22392 elapsed=103s
    [5] big-prime 400000/6671532 (p=5801461) live=22395 elapsed=103s
    [0] big-prime 400000/6671532 (p=5801461) live=22389 elapsed=103s
    [7] big-prime 400000/6671532 (p=5801461) live=22390 elapsed=103s
    [6] big-prime 400000/6671532 (p=5801461) live=22393 elapsed=103s
    [3] big-prime 400000/6671532 (p=5801461) live=22394 elapsed=103s
    [2] big-prime 400000/6671532 (p=5801461) live=22392 elapsed=104s
    [4] big-prime 400000/6671532 (p=5801461) live=22393 elapsed=104s
    [7] big-prime 600000/6671532 (p=8961731) live=15672 elapsed=143s
    [8] big-prime 600000/6671532 (p=8961731) live=15670 elapsed=144s
    [6] big-prime 600000/6671532 (p=8961731) live=15675 elapsed=145s
    [3] big-prime 600000/6671532 (p=8961731) live=15675 elapsed=145s
    [2] big-prime 600000/6671532 (p=8961731) live=15674 elapsed=146s
    [5] big-prime 600000/6671532 (p=8961731) live=15676 elapsed=146s
    [1] big-prime 600000/6671532 (p=8961731) live=15674 elapsed=146s
    [4] big-prime 600000/6671532 (p=8961731) live=15675 elapsed=147s
    [0] big-prime 600000/6671532 (p=8961731) live=15672 elapsed=148s
    [7] big-prime 800000/6671532 (p=12196669) live=15672 elapsed=178s
    [8] big-prime 800000/6671532 (p=12196669) live=15670 elapsed=179s
    [6] big-prime 800000/6671532 (p=12196669) live=15675 elapsed=180s
    [3] big-prime 800000/6671532 (p=12196669) live=15675 elapsed=180s
    [2] big-prime 800000/6671532 (p=12196669) live=15674 elapsed=180s
    [5] big-prime 800000/6671532 (p=12196669) live=15676 elapsed=181s
    [1] big-prime 800000/6671532 (p=12196669) live=15674 elapsed=181s
    [4] big-prime 800000/6671532 (p=12196669) live=15675 elapsed=181s
    [0] big-prime 800000/6671532 (p=12196669) live=15672 elapsed=183s
    [7] big-prime 1000000/6671532 (p=15487067) live=15672 elapsed=213s
    [8] big-prime 1000000/6671532 (p=15487067) live=15670 elapsed=215s
    [6] big-prime 1000000/6671532 (p=15487067) live=15675 elapsed=215s
    [3] big-prime 1000000/6671532 (p=15487067) live=15675 elapsed=216s
    [2] big-prime 1000000/6671532 (p=15487067) live=15674 elapsed=216s
    [1] big-prime 1000000/6671532 (p=15487067) live=15674 elapsed=216s
    [5] big-prime 1000000/6671532 (p=15487067) live=15676 elapsed=216s
    [4] big-prime 1000000/6671532 (p=15487067) live=15675 elapsed=217s
    [0] big-prime 1000000/6671532 (p=15487067) live=15672 elapsed=218s
    [7] big-prime 1200000/6671532 (p=18816449) live=15672 elapsed=246s
    [3] big-prime 1200000/6671532 (p=18816449) live=15675 elapsed=249s
    [8] big-prime 1200000/6671532 (p=18816449) live=15670 elapsed=249s
    [6] big-prime 1200000/6671532 (p=18816449) live=15675 elapsed=249s
    [2] big-prime 1200000/6671532 (p=18816449) live=15674 elapsed=249s
    [1] big-prime 1200000/6671532 (p=18816449) live=15674 elapsed=250s
    [5] big-prime 1200000/6671532 (p=18816449) live=15676 elapsed=250s
    [4] big-prime 1200000/6671532 (p=18816449) live=15675 elapsed=251s
    [0] big-prime 1200000/6671532 (p=18816449) live=15672 elapsed=252s
    [7] big-prime 1400000/6671532 (p=22183607) live=15672 elapsed=279s
    [3] big-prime 1400000/6671532 (p=22183607) live=15675 elapsed=282s
    [8] big-prime 1400000/6671532 (p=22183607) live=15670 elapsed=282s
    [6] big-prime 1400000/6671532 (p=22183607) live=15675 elapsed=282s
    [2] big-prime 1400000/6671532 (p=22183607) live=15674 elapsed=282s
    [1] big-prime 1400000/6671532 (p=22183607) live=15674 elapsed=283s
    [5] big-prime 1400000/6671532 (p=22183607) live=15676 elapsed=283s
    [4] big-prime 1400000/6671532 (p=22183607) live=15675 elapsed=285s
    [0] big-prime 1400000/6671532 (p=22183607) live=15672 elapsed=286s
    [7] big-prime 1600000/6671532 (p=25583527) live=15672 elapsed=312s
    [3] big-prime 1600000/6671532 (p=25583527) live=15675 elapsed=315s
    [8] big-prime 1600000/6671532 (p=25583527) live=15670 elapsed=315s
    [6] big-prime 1600000/6671532 (p=25583527) live=15675 elapsed=315s
    [2] big-prime 1600000/6671532 (p=25583527) live=15674 elapsed=316s
    [1] big-prime 1600000/6671532 (p=25583527) live=15674 elapsed=316s
    [5] big-prime 1600000/6671532 (p=25583527) live=15676 elapsed=316s
    [4] big-prime 1600000/6671532 (p=25583527) live=15675 elapsed=319s
    [0] big-prime 1600000/6671532 (p=25583527) live=15672 elapsed=319s
    [7] big-prime 1800000/6671532 (p=29007073) live=15672 elapsed=345s
    [3] big-prime 1800000/6671532 (p=29007073) live=15675 elapsed=348s
    [6] big-prime 1800000/6671532 (p=29007073) live=15675 elapsed=348s
    [8] big-prime 1800000/6671532 (p=29007073) live=15670 elapsed=348s
    [2] big-prime 1800000/6671532 (p=29007073) live=15674 elapsed=349s
    [1] big-prime 1800000/6671532 (p=29007073) live=15674 elapsed=349s
    [5] big-prime 1800000/6671532 (p=29007073) live=15676 elapsed=350s
    [4] big-prime 1800000/6671532 (p=29007073) live=15675 elapsed=352s
    [0] big-prime 1800000/6671532 (p=29007073) live=15672 elapsed=353s
    [7] big-prime 2000000/6671532 (p=32454283) live=15672 elapsed=379s
    [3] big-prime 2000000/6671532 (p=32454283) live=15675 elapsed=382s
    [8] big-prime 2000000/6671532 (p=32454283) live=15670 elapsed=382s
    [6] big-prime 2000000/6671532 (p=32454283) live=15675 elapsed=382s
    [2] big-prime 2000000/6671532 (p=32454283) live=15674 elapsed=383s
    [1] big-prime 2000000/6671532 (p=32454283) live=15674 elapsed=383s
    [5] big-prime 2000000/6671532 (p=32454283) live=15676 elapsed=384s
    [4] big-prime 2000000/6671532 (p=32454283) live=15675 elapsed=386s
    [0] big-prime 2000000/6671532 (p=32454283) live=15672 elapsed=386s
    [7] big-prime 2200000/6671532 (p=35927467) live=10970 elapsed=411s
    [3] big-prime 2200000/6671532 (p=35927467) live=15675 elapsed=415s
    [2] big-prime 2200000/6671532 (p=35927467) live=10971 elapsed=415s
    [8] big-prime 2200000/6671532 (p=35927467) live=15670 elapsed=416s
    [6] big-prime 2200000/6671532 (p=35927467) live=15675 elapsed=416s
    [1] big-prime 2200000/6671532 (p=35927467) live=15674 elapsed=416s
    [5] big-prime 2200000/6671532 (p=35927467) live=15676 elapsed=418s
    [4] big-prime 2200000/6671532 (p=35927467) live=15675 elapsed=420s
    [0] big-prime 2200000/6671532 (p=35927467) live=15672 elapsed=420s
    [7] big-prime 2400000/6671532 (p=39412091) live=10970 elapsed=436s
    [2] big-prime 2400000/6671532 (p=39412091) live=10971 elapsed=441s
    [3] big-prime 2400000/6671532 (p=39412091) live=10972 elapsed=441s
    [8] big-prime 2400000/6671532 (p=39412091) live=10968 elapsed=442s
    [6] big-prime 2400000/6671532 (p=39412091) live=10972 elapsed=443s
    [5] big-prime 2400000/6671532 (p=39412091) live=10973 elapsed=445s
    [4] big-prime 2400000/6671532 (p=39412091) live=10972 elapsed=446s
    [1] big-prime 2400000/6671532 (p=39412091) live=10971 elapsed=448s
    [0] big-prime 2400000/6671532 (p=39412091) live=15672 elapsed=453s
    [7] big-prime 2600000/6671532 (p=42921563) live=10970 elapsed=459s
    [2] big-prime 2600000/6671532 (p=42921563) live=10971 elapsed=464s
    [3] big-prime 2600000/6671532 (p=42921563) live=10972 elapsed=465s
    [8] big-prime 2600000/6671532 (p=42921563) live=10968 elapsed=465s
    [6] big-prime 2600000/6671532 (p=42921563) live=10972 elapsed=465s
    [5] big-prime 2600000/6671532 (p=42921563) live=10973 elapsed=470s
    [4] big-prime 2600000/6671532 (p=42921563) live=10972 elapsed=472s
    [1] big-prime 2600000/6671532 (p=42921563) live=10971 elapsed=473s
    [0] big-prime 2600000/6671532 (p=42921563) live=10970 elapsed=480s
    [7] big-prime 2800000/6671532 (p=46442579) live=10970 elapsed=486s
    [2] big-prime 2800000/6671532 (p=46442579) live=10971 elapsed=490s
    [3] big-prime 2800000/6671532 (p=46442579) live=10972 elapsed=491s
    [6] big-prime 2800000/6671532 (p=46442579) live=10972 elapsed=491s
    [8] big-prime 2800000/6671532 (p=46442579) live=10968 elapsed=491s
    [5] big-prime 2800000/6671532 (p=46442579) live=10973 elapsed=493s
    [4] big-prime 2800000/6671532 (p=46442579) live=10972 elapsed=494s
    [1] big-prime 2800000/6671532 (p=46442579) live=10971 elapsed=496s
    [0] big-prime 2800000/6671532 (p=46442579) live=10970 elapsed=505s
    [7] big-prime 3000000/6671532 (p=49981081) live=10970 elapsed=511s
    [2] big-prime 3000000/6671532 (p=49981081) live=10971 elapsed=515s
    [6] big-prime 3000000/6671532 (p=49981081) live=10972 elapsed=516s
    [3] big-prime 3000000/6671532 (p=49981081) live=10972 elapsed=516s
    [8] big-prime 3000000/6671532 (p=49981081) live=10968 elapsed=516s
    [5] big-prime 3000000/6671532 (p=49981081) live=10973 elapsed=518s
    [4] big-prime 3000000/6671532 (p=49981081) live=10972 elapsed=519s
    [1] big-prime 3000000/6671532 (p=49981081) live=10971 elapsed=521s
    [0] big-prime 3000000/6671532 (p=49981081) live=10970 elapsed=529s
    [7] big-prime 3200000/6671532 (p=53534969) live=10970 elapsed=536s
    [2] big-prime 3200000/6671532 (p=53534969) live=10971 elapsed=540s
    [6] big-prime 3200000/6671532 (p=53534969) live=10972 elapsed=541s
    [8] big-prime 3200000/6671532 (p=53534969) live=10968 elapsed=541s
    [3] big-prime 3200000/6671532 (p=53534969) live=10972 elapsed=541s
    [5] big-prime 3200000/6671532 (p=53534969) live=10973 elapsed=543s
    [4] big-prime 3200000/6671532 (p=53534969) live=10972 elapsed=545s
    [1] big-prime 3200000/6671532 (p=53534969) live=10971 elapsed=546s
    [0] big-prime 3200000/6671532 (p=53534969) live=10970 elapsed=553s
    [7] big-prime 3400000/6671532 (p=57100753) live=10970 elapsed=559s
    [2] big-prime 3400000/6671532 (p=57100753) live=10971 elapsed=563s
    [3] big-prime 3400000/6671532 (p=57100753) live=10972 elapsed=564s
    [6] big-prime 3400000/6671532 (p=57100753) live=10972 elapsed=564s
    [8] big-prime 3400000/6671532 (p=57100753) live=10968 elapsed=564s
    [5] big-prime 3400000/6671532 (p=57100753) live=10973 elapsed=566s
    [4] big-prime 3400000/6671532 (p=57100753) live=10972 elapsed=568s
    [1] big-prime 3400000/6671532 (p=57100753) live=10971 elapsed=570s
    [0] big-prime 3400000/6671532 (p=57100753) live=10970 elapsed=578s
    [7] big-prime 3600000/6671532 (p=60679429) live=10970 elapsed=583s
    [2] big-prime 3600000/6671532 (p=60679429) live=10971 elapsed=588s
    [3] big-prime 3600000/6671532 (p=60679429) live=10972 elapsed=588s
    [8] big-prime 3600000/6671532 (p=60679429) live=10968 elapsed=588s
    [6] big-prime 3600000/6671532 (p=60679429) live=10972 elapsed=588s
    [5] big-prime 3600000/6671532 (p=60679429) live=10973 elapsed=590s
    [4] big-prime 3600000/6671532 (p=60679429) live=10972 elapsed=592s
    [1] big-prime 3600000/6671532 (p=60679429) live=10971 elapsed=592s
    [0] big-prime 3600000/6671532 (p=60679429) live=10970 elapsed=600s
    [7] big-prime 3800000/6671532 (p=64270067) live=10970 elapsed=607s
    [2] big-prime 3800000/6671532 (p=64270067) live=10971 elapsed=612s
    [8] big-prime 3800000/6671532 (p=64270067) live=10968 elapsed=612s
    [3] big-prime 3800000/6671532 (p=64270067) live=10972 elapsed=612s
    [6] big-prime 3800000/6671532 (p=64270067) live=10972 elapsed=613s
    [5] big-prime 3800000/6671532 (p=64270067) live=10973 elapsed=614s
    [4] big-prime 3800000/6671532 (p=64270067) live=10972 elapsed=616s
    [1] big-prime 3800000/6671532 (p=64270067) live=10971 elapsed=617s
    [0] big-prime 3800000/6671532 (p=64270067) live=10970 elapsed=624s
    [7] big-prime 4000000/6671532 (p=67869257) live=10970 elapsed=630s
    [2] big-prime 4000000/6671532 (p=67869257) live=10971 elapsed=634s
    [8] big-prime 4000000/6671532 (p=67869257) live=10968 elapsed=634s
    [3] big-prime 4000000/6671532 (p=67869257) live=10972 elapsed=635s
    [6] big-prime 4000000/6671532 (p=67869257) live=10972 elapsed=635s
    [5] big-prime 4000000/6671532 (p=67869257) live=10973 elapsed=637s
    [4] big-prime 4000000/6671532 (p=67869257) live=10972 elapsed=641s
    [1] big-prime 4000000/6671532 (p=67869257) live=10971 elapsed=641s
    [0] big-prime 4000000/6671532 (p=67869257) live=10970 elapsed=649s
    [7] big-prime 4200000/6671532 (p=71481463) live=10970 elapsed=654s
    [8] big-prime 4200000/6671532 (p=71481463) live=10968 elapsed=658s
    [2] big-prime 4200000/6671532 (p=71481463) live=10971 elapsed=659s
    [3] big-prime 4200000/6671532 (p=71481463) live=10972 elapsed=659s
    [6] big-prime 4200000/6671532 (p=71481463) live=10972 elapsed=659s
    [5] big-prime 4200000/6671532 (p=71481463) live=10973 elapsed=661s
    [4] big-prime 4200000/6671532 (p=71481463) live=10972 elapsed=663s
    [1] big-prime 4200000/6671532 (p=71481463) live=10971 elapsed=663s
    [0] big-prime 4200000/6671532 (p=71481463) live=10970 elapsed=671s
    [7] big-prime 4400000/6671532 (p=75104903) live=10970 elapsed=678s
    [8] big-prime 4400000/6671532 (p=75104903) live=10968 elapsed=683s
    [3] big-prime 4400000/6671532 (p=75104903) live=10972 elapsed=683s
    [2] big-prime 4400000/6671532 (p=75104903) live=10971 elapsed=684s
    [6] big-prime 4400000/6671532 (p=75104903) live=10972 elapsed=684s
    [5] big-prime 4400000/6671532 (p=75104903) live=10973 elapsed=686s
    [1] big-prime 4400000/6671532 (p=75104903) live=10971 elapsed=688s
    [4] big-prime 4400000/6671532 (p=75104903) live=10972 elapsed=688s
    [0] big-prime 4400000/6671532 (p=75104903) live=10970 elapsed=695s
    [7] big-prime 4600000/6671532 (p=78738059) live=10970 elapsed=700s
    [8] big-prime 4600000/6671532 (p=78738059) live=10968 elapsed=705s
    [3] big-prime 4600000/6671532 (p=78738059) live=10972 elapsed=705s
    [2] big-prime 4600000/6671532 (p=78738059) live=10971 elapsed=708s
    [6] big-prime 4600000/6671532 (p=78738059) live=10972 elapsed=708s
    [5] big-prime 4600000/6671532 (p=78738059) live=10973 elapsed=710s
    [1] big-prime 4600000/6671532 (p=78738059) live=10971 elapsed=712s
    [4] big-prime 4600000/6671532 (p=78738059) live=10972 elapsed=712s
    [0] big-prime 4600000/6671532 (p=78738059) live=10970 elapsed=720s
    [7] big-prime 4800000/6671532 (p=82377469) live=10970 elapsed=725s
    [8] big-prime 4800000/6671532 (p=82377469) live=10968 elapsed=729s
    [3] big-prime 4800000/6671532 (p=82377469) live=10972 elapsed=729s
    [2] big-prime 4800000/6671532 (p=82377469) live=10971 elapsed=730s
    [6] big-prime 4800000/6671532 (p=82377469) live=10972 elapsed=730s
    [5] big-prime 4800000/6671532 (p=82377469) live=10973 elapsed=732s
    [1] big-prime 4800000/6671532 (p=82377469) live=10971 elapsed=734s
    [4] big-prime 4800000/6671532 (p=82377469) live=10972 elapsed=734s
    [0] big-prime 4800000/6671532 (p=82377469) live=10970 elapsed=744s
    [7] big-prime 5000000/6671532 (p=86029579) live=10970 elapsed=749s
    [8] big-prime 5000000/6671532 (p=86029579) live=10968 elapsed=754s
    [3] big-prime 5000000/6671532 (p=86029579) live=10972 elapsed=754s
    [2] big-prime 5000000/6671532 (p=86029579) live=10971 elapsed=755s
    [6] big-prime 5000000/6671532 (p=86029579) live=10972 elapsed=755s
    [5] big-prime 5000000/6671532 (p=86029579) live=10973 elapsed=756s
    [1] big-prime 5000000/6671532 (p=86029579) live=10971 elapsed=759s
    [4] big-prime 5000000/6671532 (p=86029579) live=10972 elapsed=759s
    [0] big-prime 5000000/6671532 (p=86029579) live=10970 elapsed=766s
    [7] big-prime 5200000/6671532 (p=89689079) live=10970 elapsed=772s
    [8] big-prime 5200000/6671532 (p=89689079) live=10968 elapsed=778s
    [3] big-prime 5200000/6671532 (p=89689079) live=10972 elapsed=778s
    [2] big-prime 5200000/6671532 (p=89689079) live=10971 elapsed=779s
    [6] big-prime 5200000/6671532 (p=89689079) live=10972 elapsed=780s
    [5] big-prime 5200000/6671532 (p=89689079) live=10973 elapsed=781s
    [1] big-prime 5200000/6671532 (p=89689079) live=10971 elapsed=783s
    [4] big-prime 5200000/6671532 (p=89689079) live=10972 elapsed=784s
    [0] big-prime 5200000/6671532 (p=89689079) live=10970 elapsed=791s
    [7] big-prime 5400000/6671532 (p=93356071) live=10970 elapsed=796s
    [3] big-prime 5400000/6671532 (p=93356071) live=10972 elapsed=800s
    [8] big-prime 5400000/6671532 (p=93356071) live=10968 elapsed=801s
    [2] big-prime 5400000/6671532 (p=93356071) live=10971 elapsed=801s
    [6] big-prime 5400000/6671532 (p=93356071) live=10972 elapsed=802s
    [5] big-prime 5400000/6671532 (p=93356071) live=10973 elapsed=804s
    [1] big-prime 5400000/6671532 (p=93356071) live=10971 elapsed=805s
    [4] big-prime 5400000/6671532 (p=93356071) live=10972 elapsed=806s
    [0] big-prime 5400000/6671532 (p=93356071) live=10970 elapsed=816s
    [7] big-prime 5600000/6671532 (p=97027681) live=10970 elapsed=824s
    [8] big-prime 5600000/6671532 (p=97027681) live=10968 elapsed=920s
    [3] big-prime 5600000/6671532 (p=97027681) live=10972 elapsed=921s
    [6] big-prime 5600000/6671532 (p=97027681) live=10972 elapsed=926s
    [4] big-prime 5600000/6671532 (p=97027681) live=10972 elapsed=927s
    [0] big-prime 5600000/6671532 (p=97027681) live=10970 elapsed=927s
    [1] big-prime 5600000/6671532 (p=97027681) live=10971 elapsed=927s
    [5] big-prime 5600000/6671532 (p=97027681) live=10973 elapsed=927s
    [2] big-prime 5600000/6671532 (p=97027681) live=10971 elapsed=927s
    [7] big-prime 5800000/6671532 (p=100712849) live=10970 elapsed=934s
    [3] big-prime 5800000/6671532 (p=100712849) live=10972 elapsed=945s
    [8] big-prime 5800000/6671532 (p=100712849) live=10968 elapsed=945s
    [6] big-prime 5800000/6671532 (p=100712849) live=10972 elapsed=951s
    [4] big-prime 5800000/6671532 (p=100712849) live=10972 elapsed=952s
    [2] big-prime 5800000/6671532 (p=100712849) live=10971 elapsed=952s
    [0] big-prime 5800000/6671532 (p=100712849) live=10970 elapsed=952s
    [5] big-prime 5800000/6671532 (p=100712849) live=10973 elapsed=952s
    [1] big-prime 5800000/6671532 (p=100712849) live=10971 elapsed=952s
    [7] big-prime 6000000/6671532 (p=104396641) live=7632 elapsed=957s
    [3] big-prime 6000000/6671532 (p=104396641) live=7661 elapsed=966s
    [8] big-prime 6000000/6671532 (p=104396641) live=7640 elapsed=969s
    [6] big-prime 6000000/6671532 (p=104396641) live=7619 elapsed=971s
    [4] big-prime 6000000/6671532 (p=104396641) live=7673 elapsed=971s
    [5] big-prime 6000000/6671532 (p=104396641) live=7654 elapsed=972s
    [2] big-prime 6000000/6671532 (p=104396641) live=7622 elapsed=973s
    [7] big-prime 6200000/6671532 (p=108094627) live=7632 elapsed=973s
    [0] big-prime 6000000/6671532 (p=104396641) live=7634 elapsed=973s
    [1] big-prime 6000000/6671532 (p=104396641) live=7637 elapsed=974s
    [3] big-prime 6200000/6671532 (p=108094627) live=5336 elapsed=985s
    [7] big-prime 6400000/6671532 (p=111796397) live=3697 elapsed=988s
    [8] big-prime 6200000/6671532 (p=108094627) live=7640 elapsed=989s
    [6] big-prime 6200000/6671532 (p=108094627) live=5313 elapsed=989s
    [4] big-prime 6200000/6671532 (p=108094627) live=7673 elapsed=990s
    [0] big-prime 6200000/6671532 (p=108094627) live=7634 elapsed=994s
    [5] big-prime 6200000/6671532 (p=108094627) live=7654 elapsed=995s
    [2] big-prime 6200000/6671532 (p=108094627) live=5281 elapsed=995s
    [1] big-prime 6200000/6671532 (p=108094627) live=7637 elapsed=1000s
    [7] big-prime 6600000/6671532 (p=115509299) live=1217 elapsed=1003s
    [3] big-prime 6400000/6671532 (p=111796397) live=3726 elapsed=1005s
    [8] big-prime 6400000/6671532 (p=111796397) live=3671 elapsed=1009s
    [6] big-prime 6400000/6671532 (p=111796397) live=3657 elapsed=1009s
    [4] big-prime 6400000/6671532 (p=111796397) live=3683 elapsed=1010s
    [5] big-prime 6400000/6671532 (p=111796397) live=3729 elapsed=1011s
    [2] big-prime 6400000/6671532 (p=111796397) live=3695 elapsed=1011s
    [0] big-prime 6400000/6671532 (p=111796397) live=5329 elapsed=1012s
    [3] big-prime 6600000/6671532 (p=115509299) live=829 elapsed=1012s
    [1] big-prime 6400000/6671532 (p=111796397) live=5298 elapsed=1014s
    [6] big-prime 6600000/6671532 (p=115509299) live=539 elapsed=1018s
    [8] big-prime 6600000/6671532 (p=115509299) live=1199 elapsed=1018s
    [4] big-prime 6600000/6671532 (p=115509299) live=1153 elapsed=1020s
    [5] big-prime 6600000/6671532 (p=115509299) live=811 elapsed=1020s
    [2] big-prime 6600000/6671532 (p=115509299) live=1216 elapsed=1021s
    [0] big-prime 6600000/6671532 (p=115509299) live=1171 elapsed=1021s
    [1] big-prime 6600000/6671532 (p=115509299) live=1195 elapsed=1024s
[1037s] chunk 0 done (4352 smooth)
[1037s] chunk 1 done (4374 smooth)
[1037s] chunk 2 done (4334 smooth)
[1037s] chunk 3 done (4345 smooth)
[1037s] chunk 4 done (4370 smooth)
[1037s] chunk 5 done (4331 smooth)
[1037s] chunk 6 done (4440 smooth)
[1037s] chunk 7 done (4412 smooth)
[1037s] chunk 8 done (4493 smooth)
    [20261210] spot-check 300 values vs Pollard-rho full factorization: mismatches=0
    [20261211] spot-check 300 values vs Pollard-rho full factorization: mismatches=0
    [20261212] spot-check 300 values vs Pollard-rho full factorization: mismatches=0
[1040s] stage 03 done
[1041s] FINAL: pooled rho_T=0.4847 CI[0.4413,0.5283] rho_cnt=0.3845 adv=+0.1002 CI[0.0481,0.1461] H1=False H2=True VERDICT=U116-MIXED
RUN_DONE
