2026-08-23 23:36:03,320 INFO exp562 SCALE-SMOOTHNESS-DEVIATION start seed=20260827 smoke=False workers=8 G=256 unit=16
2026-08-23 23:36:03,351 INFO validation: 844 cases (24 adversarial, 560 real quadratic), mismatches=0
2026-08-23 23:36:04,313 INFO pool bin 5: 4000 semiprimes (bitlens (66, 74))
2026-08-23 23:36:05,258 INFO pool bin 6: 4000 semiprimes (bitlens (71, 78))
2026-08-23 23:36:06,213 INFO pool bin 7: 4000 semiprimes (bitlens (76, 80))
2026-08-23 23:36:07,195 INFO pool bin 8: 4000 semiprimes (bitlens (79, 80))
2026-08-23 23:37:00,794 INFO calibration: 15400 units, 126156800 tests in 53.6s -> theta=2.35e+06 tests/s; rho_hat(ctrl, blended)={5: '5.20e-04', 6: '6.59e-05', 7: '8.08e-06', 8: '1.58e-06'} (empirical {5: '4.03e-05', 6: '1.74e-06', 7: '1.59e-07', 8: '1.59e-07'})
2026-08-23 23:37:00,795 INFO quotas(tests)={5: 239190016, 6: 418578432, 7: 896942080, 8: 1435107328} fracs={5: 0.08, 6: 0.14, 7: 0.3, 8: 0.48} clipped={5: False, 6: False, 7: False, 8: False}
2026-08-23 23:37:25,797 INFO progress(n,kc,kt): {5: (7282688, 153, 156), 6: (7282688, 9, 5), 7: (7282688, 0, 1), 8: (7282688, 0, 0)}
2026-08-23 23:37:50,805 INFO progress(n,kc,kt): {5: (14508032, 289, 307), 6: (14503936, 17, 9), 7: (14503936, 0, 3), 8: (14503936, 0, 0)}
2026-08-23 23:38:15,808 INFO progress(n,kc,kt): {5: (21884928, 448, 466), 6: (21880832, 22, 18), 7: (21880832, 1, 3), 8: (21876736, 0, 0)}
2026-08-23 23:38:40,838 INFO progress(n,kc,kt): {5: (29392896, 595, 631), 6: (29388800, 27, 23), 7: (29388800, 2, 3), 8: (29384704, 0, 0)}
2026-08-23 23:39:05,831 INFO progress(n,kc,kt): {5: (35889152, 734, 752), 6: (35885056, 33, 30), 7: (35880960, 2, 3), 8: (35885056, 1, 0)}
2026-08-23 23:39:30,840 INFO progress(n,kc,kt): {5: (43257856, 889, 904), 6: (43253760, 42, 40), 7: (43253760, 3, 3), 8: (43253760, 1, 0)}
2026-08-23 23:39:55,881 INFO progress(n,kc,kt): {5: (50311168, 1012, 1059), 6: (50311168, 48, 45), 7: (50311168, 3, 3), 8: (50307072, 1, 0)}
2026-08-23 23:40:20,867 INFO progress(n,kc,kt): {5: (56532992, 1151, 1177), 6: (56528896, 57, 49), 7: (56528896, 3, 3), 8: (56528896, 1, 0)}
2026-08-23 23:40:45,879 INFO progress(n,kc,kt): {5: (63246336, 1289, 1311), 6: (63242240, 62, 53), 7: (63242240, 3, 4), 8: (63242240, 1, 0)}
2026-08-23 23:41:10,917 INFO progress(n,kc,kt): {5: (69332992, 1405, 1424), 6: (69332992, 66, 59), 7: (69332992, 4, 4), 8: (69332992, 1, 0)}
2026-08-23 23:41:35,927 INFO progress(n,kc,kt): {5: (75157504, 1535, 1534), 6: (75157504, 70, 64), 7: (75153408, 4, 4), 8: (75153408, 1, 0)}
2026-08-23 23:42:00,928 INFO progress(n,kc,kt): {5: (81027072, 1674, 1655), 6: (81027072, 77, 68), 7: (81027072, 5, 4), 8: (81022976, 1, 0)}
2026-08-23 23:42:25,922 INFO progress(n,kc,kt): {5: (87547904, 1824, 1775), 6: (87543808, 88, 75), 7: (87543808, 5, 4), 8: (87543808, 1, 0)}
2026-08-23 23:42:50,935 INFO progress(n,kc,kt): {5: (95166464, 1968, 1948), 6: (95162368, 100, 81), 7: (95162368, 6, 5), 8: (95162368, 1, 0)}
2026-08-23 23:43:15,938 INFO progress(n,kc,kt): {5: (102760448, 2118, 2106), 6: (102756352, 107, 88), 7: (102756352, 6, 5), 8: (102756352, 2, 0)}
2026-08-23 23:43:40,958 INFO progress(n,kc,kt): {5: (109801472, 2264, 2270), 6: (109797376, 112, 97), 7: (109797376, 6, 6), 8: (109797376, 2, 0)}
2026-08-23 23:44:05,977 INFO progress(n,kc,kt): {5: (117227520, 2430, 2412), 6: (117223424, 118, 103), 7: (117223424, 6, 6), 8: (117223424, 3, 1)}
2026-08-23 23:44:30,985 INFO progress(n,kc,kt): {5: (119595008, 2479, 2451), 6: (125829120, 127, 113), 7: (125829120, 6, 6), 8: (125829120, 3, 1)}
2026-08-23 23:44:56,003 INFO progress(n,kc,kt): {5: (119595008, 2479, 2451), 6: (135417856, 142, 123), 7: (135417856, 6, 7), 8: (135413760, 3, 1)}
2026-08-23 23:45:21,020 INFO progress(n,kc,kt): {5: (119595008, 2479, 2451), 6: (144805888, 151, 133), 7: (144805888, 6, 7), 8: (144805888, 4, 1)}
2026-08-23 23:45:46,061 INFO progress(n,kc,kt): {5: (119595008, 2479, 2451), 6: (154226688, 163, 141), 7: (154226688, 6, 7), 8: (154226688, 4, 1)}
2026-08-23 23:46:11,056 INFO progress(n,kc,kt): {5: (119595008, 2479, 2451), 6: (163647488, 167, 152), 7: (163647488, 6, 8), 8: (163643392, 4, 3)}
2026-08-23 23:46:36,059 INFO progress(n,kc,kt): {5: (119595008, 2479, 2451), 6: (173375488, 172, 167), 7: (173375488, 6, 8), 8: (173371392, 4, 3)}
2026-08-23 23:47:01,091 INFO progress(n,kc,kt): {5: (119595008, 2479, 2451), 6: (182865920, 182, 178), 7: (182861824, 6, 9), 8: (182861824, 4, 4)}
2026-08-23 23:47:26,083 INFO progress(n,kc,kt): {5: (119595008, 2479, 2451), 6: (192118784, 192, 192), 7: (192118784, 6, 10), 8: (192118784, 4, 4)}
2026-08-23 23:47:51,097 INFO progress(n,kc,kt): {5: (119595008, 2479, 2451), 6: (201883648, 198, 200), 7: (201883648, 6, 10), 8: (201883648, 4, 4)}
2026-08-23 23:48:16,116 INFO progress(n,kc,kt): {5: (119595008, 2479, 2451), 6: (209289216, 203, 214), 7: (212828160, 8, 10), 8: (212824064, 5, 4)}
2026-08-23 23:48:41,124 INFO progress(n,kc,kt): {5: (119595008, 2479, 2451), 6: (209289216, 203, 214), 7: (227344384, 8, 10), 8: (227340288, 5, 5)}
2026-08-23 23:49:06,138 INFO progress(n,kc,kt): {5: (119595008, 2479, 2451), 6: (209289216, 203, 214), 7: (241684480, 8, 11), 8: (241684480, 5, 5)}
2026-08-23 23:49:31,138 INFO progress(n,kc,kt): {5: (119595008, 2479, 2451), 6: (209289216, 203, 214), 7: (255553536, 8, 11), 8: (255549440, 5, 5)}
2026-08-23 23:49:56,142 INFO progress(n,kc,kt): {5: (119595008, 2479, 2451), 6: (209289216, 203, 214), 7: (269680640, 9, 11), 8: (269680640, 5, 5)}
2026-08-23 23:50:21,157 INFO progress(n,kc,kt): {5: (119595008, 2479, 2451), 6: (209289216, 203, 214), 7: (283926528, 10, 12), 8: (283926528, 6, 5)}
2026-08-23 23:50:46,160 INFO progress(n,kc,kt): {5: (119595008, 2479, 2451), 6: (209289216, 203, 214), 7: (298168320, 12, 12), 8: (298164224, 6, 5)}
2026-08-23 23:51:11,167 INFO progress(n,kc,kt): {5: (119595008, 2479, 2451), 6: (209289216, 203, 214), 7: (312418304, 12, 12), 8: (312414208, 6, 5)}
2026-08-23 23:51:36,175 INFO progress(n,kc,kt): {5: (119595008, 2479, 2451), 6: (209289216, 203, 214), 7: (327073792, 12, 12), 8: (327073792, 6, 6)}
2026-08-23 23:52:01,189 INFO progress(n,kc,kt): {5: (119595008, 2479, 2451), 6: (209289216, 203, 214), 7: (341577728, 13, 13), 8: (341577728, 6, 6)}
2026-08-23 23:52:26,195 INFO progress(n,kc,kt): {5: (119595008, 2479, 2451), 6: (209289216, 203, 214), 7: (355577856, 13, 14), 8: (355573760, 7, 7)}
2026-08-23 23:52:51,209 INFO progress(n,kc,kt): {5: (119595008, 2479, 2451), 6: (209289216, 203, 214), 7: (369782784, 15, 14), 8: (369778688, 7, 7)}
2026-08-23 23:53:16,224 INFO progress(n,kc,kt): {5: (119595008, 2479, 2451), 6: (209289216, 203, 214), 7: (384835584, 16, 16), 8: (384835584, 7, 7)}
2026-08-23 23:53:41,236 INFO progress(n,kc,kt): {5: (119595008, 2479, 2451), 6: (209289216, 203, 214), 7: (399839232, 17, 17), 8: (399835136, 7, 7)}
2026-08-23 23:54:06,243 INFO progress(n,kc,kt): {5: (119595008, 2479, 2451), 6: (209289216, 203, 214), 7: (414769152, 17, 19), 8: (414769152, 8, 7)}
2026-08-23 23:54:31,244 INFO progress(n,kc,kt): {5: (119595008, 2479, 2451), 6: (209289216, 203, 214), 7: (429813760, 17, 20), 8: (429809664, 9, 7)}
2026-08-23 23:54:56,252 INFO progress(n,kc,kt): {5: (119595008, 2479, 2451), 6: (209289216, 203, 214), 7: (444542976, 18, 20), 8: (444542976, 9, 7)}
2026-08-23 23:55:21,263 INFO progress(n,kc,kt): {5: (119595008, 2479, 2451), 6: (209289216, 203, 214), 7: (448471040, 18, 20), 8: (469016576, 9, 7)}
2026-08-23 23:55:46,283 INFO progress(n,kc,kt): {5: (119595008, 2479, 2451), 6: (209289216, 203, 214), 7: (448471040, 18, 20), 8: (496910336, 9, 7)}
2026-08-23 23:56:11,285 INFO progress(n,kc,kt): {5: (119595008, 2479, 2451), 6: (209289216, 203, 214), 7: (448471040, 18, 20), 8: (524652544, 9, 7)}
2026-08-23 23:56:36,294 INFO progress(n,kc,kt): {5: (119595008, 2479, 2451), 6: (209289216, 203, 214), 7: (448471040, 18, 20), 8: (552550400, 9, 7)}
2026-08-23 23:57:01,311 INFO progress(n,kc,kt): {5: (119595008, 2479, 2451), 6: (209289216, 203, 214), 7: (448471040, 18, 20), 8: (581046272, 9, 7)}
2026-08-23 23:57:26,330 INFO progress(n,kc,kt): {5: (119595008, 2479, 2451), 6: (209289216, 203, 214), 7: (448471040, 18, 20), 8: (610234368, 10, 7)}
2026-08-23 23:57:51,345 INFO progress(n,kc,kt): {5: (119595008, 2479, 2451), 6: (209289216, 203, 214), 7: (448471040, 18, 20), 8: (638558208, 10, 7)}
2026-08-23 23:58:16,355 INFO progress(n,kc,kt): {5: (119595008, 2479, 2451), 6: (209289216, 203, 214), 7: (448471040, 18, 20), 8: (667045888, 11, 7)}
2026-08-23 23:58:41,371 INFO progress(n,kc,kt): {5: (119595008, 2479, 2451), 6: (209289216, 203, 214), 7: (448471040, 18, 20), 8: (695320576, 11, 8)}
2026-08-23 23:59:00,320 INFO measurement done: {5: (119595008, 2479, 2451), 6: (209289216, 203, 214), 7: (448471040, 18, 20), 8: (717553664, 12, 10)}
2026-08-23 23:59:05,245 INFO WROTE /home/raver1975/factor3/ResearchOutput/scripts/2026-08-21-resume/exp562_result.json status=04_final_time_capped verdict=RANDOM-AT-SCALE wall=1381.8s
