[0s] stage 00 done
    seed 20261210: 12052 pair-attempts -> 400 accepts (3.3%)
[1s] seed 20261210: 400 semiprimes
    seed 20261211: 12055 pair-attempts -> 400 accepts (3.3%)
[2s] seed 20261211: 400 semiprimes
    seed 20261212: 12143 pair-attempts -> 400 accepts (3.3%)
[4s] seed 20261212: 400 semiprimes
[4s] stage 01 done
[4s] stage 02 done: T mean=1.5681 range=[0.492,2.580]; cnt mean=11.95
[4s] seed 20261210: values+bounds built (B~[176999821,203373313])
[4s] seed 20261211: values+bounds built (B~[176890250,203172506])
[4s] seed 20261212: values+bounds built (B~[176840446,203334224])
[5s] prime base: Bmax=203373313, 11255300 big primes
    [0] big-prime 0/11255300 (p=401) live=31993 elapsed=0s
    [1] big-prime 0/11255300 (p=401) live=31995 elapsed=0s
    [2] big-prime 0/11255300 (p=401) live=31995 elapsed=0s
    [3] big-prime 0/11255300 (p=401) live=31993 elapsed=0s
    [4] big-prime 0/11255300 (p=401) live=31992 elapsed=0s
    [5] big-prime 0/11255300 (p=401) live=31995 elapsed=0s
    [7] big-prime 0/11255300 (p=401) live=31993 elapsed=0s
    [8] big-prime 0/11255300 (p=401) live=31996 elapsed=0s
    [6] big-prime 0/11255300 (p=401) live=31992 elapsed=0s
    [1] big-prime 200000/11255300 (p=2751293) live=22394 elapsed=60s
    [0] big-prime 200000/11255300 (p=2751293) live=22395 elapsed=61s
    [3] big-prime 200000/11255300 (p=2751293) live=22395 elapsed=61s
    [5] big-prime 200000/11255300 (p=2751293) live=22395 elapsed=61s
    [7] big-prime 200000/11255300 (p=2751293) live=22395 elapsed=61s
    [8] big-prime 200000/11255300 (p=2751293) live=22397 elapsed=61s
    [2] big-prime 200000/11255300 (p=2751293) live=22396 elapsed=61s
    [4] big-prime 200000/11255300 (p=2751293) live=22393 elapsed=61s
    [6] big-prime 200000/11255300 (p=2751293) live=22394 elapsed=62s
    [1] big-prime 400000/11255300 (p=5801461) live=22394 elapsed=111s
    [0] big-prime 400000/11255300 (p=5801461) live=22395 elapsed=112s
    [7] big-prime 400000/11255300 (p=5801461) live=22395 elapsed=112s
    [8] big-prime 400000/11255300 (p=5801461) live=22397 elapsed=113s
    [3] big-prime 400000/11255300 (p=5801461) live=22395 elapsed=113s
    [4] big-prime 400000/11255300 (p=5801461) live=22393 elapsed=113s
    [5] big-prime 400000/11255300 (p=5801461) live=22395 elapsed=113s
    [2] big-prime 400000/11255300 (p=5801461) live=22396 elapsed=113s
    [6] big-prime 400000/11255300 (p=5801461) live=22394 elapsed=113s
    [1] big-prime 600000/11255300 (p=8961731) live=22394 elapsed=159s
    [0] big-prime 600000/11255300 (p=8961731) live=22395 elapsed=159s
    [3] big-prime 600000/11255300 (p=8961731) live=22395 elapsed=160s
    [8] big-prime 600000/11255300 (p=8961731) live=22397 elapsed=160s
    [4] big-prime 600000/11255300 (p=8961731) live=22393 elapsed=160s
    [7] big-prime 600000/11255300 (p=8961731) live=22395 elapsed=160s
    [5] big-prime 600000/11255300 (p=8961731) live=22395 elapsed=160s
    [2] big-prime 600000/11255300 (p=8961731) live=22396 elapsed=161s
    [6] big-prime 600000/11255300 (p=8961731) live=22394 elapsed=161s
    [1] big-prime 800000/11255300 (p=12196669) live=15675 elapsed=203s
    [0] big-prime 800000/11255300 (p=12196669) live=22395 elapsed=205s
    [3] big-prime 800000/11255300 (p=12196669) live=15676 elapsed=206s
    [4] big-prime 800000/11255300 (p=12196669) live=22393 elapsed=206s
    [8] big-prime 800000/11255300 (p=12196669) live=22397 elapsed=206s
    [5] big-prime 800000/11255300 (p=12196669) live=22395 elapsed=207s
    [7] big-prime 800000/11255300 (p=12196669) live=22395 elapsed=207s
    [6] big-prime 800000/11255300 (p=12196669) live=22394 elapsed=207s
    [2] big-prime 800000/11255300 (p=12196669) live=22396 elapsed=208s
    [1] big-prime 1000000/11255300 (p=15487067) live=15675 elapsed=237s
    [3] big-prime 1000000/11255300 (p=15487067) live=15676 elapsed=240s
    [0] big-prime 1000000/11255300 (p=15487067) live=15675 elapsed=241s
    [5] big-prime 1000000/11255300 (p=15487067) live=15676 elapsed=242s
    [8] big-prime 1000000/11255300 (p=15487067) live=15677 elapsed=242s
    [4] big-prime 1000000/11255300 (p=15487067) live=15675 elapsed=243s
    [7] big-prime 1000000/11255300 (p=15487067) live=15676 elapsed=244s
    [2] big-prime 1000000/11255300 (p=15487067) live=15677 elapsed=245s
    [6] big-prime 1000000/11255300 (p=15487067) live=15675 elapsed=249s
    [1] big-prime 1200000/11255300 (p=18816449) live=15675 elapsed=274s
    [3] big-prime 1200000/11255300 (p=18816449) live=15676 elapsed=276s
    [0] big-prime 1200000/11255300 (p=18816449) live=15675 elapsed=277s
    [5] big-prime 1200000/11255300 (p=18816449) live=15676 elapsed=277s
    [8] big-prime 1200000/11255300 (p=18816449) live=15677 elapsed=278s
    [4] big-prime 1200000/11255300 (p=18816449) live=15675 elapsed=279s
    [7] big-prime 1200000/11255300 (p=18816449) live=15676 elapsed=283s
    [2] big-prime 1200000/11255300 (p=18816449) live=15677 elapsed=283s
    [6] big-prime 1200000/11255300 (p=18816449) live=15675 elapsed=285s
    [1] big-prime 1400000/11255300 (p=22183607) live=15675 elapsed=311s
    [3] big-prime 1400000/11255300 (p=22183607) live=15676 elapsed=313s
    [0] big-prime 1400000/11255300 (p=22183607) live=15675 elapsed=314s
    [5] big-prime 1400000/11255300 (p=22183607) live=15676 elapsed=314s
    [8] big-prime 1400000/11255300 (p=22183607) live=15677 elapsed=318s
    [4] big-prime 1400000/11255300 (p=22183607) live=15675 elapsed=319s
    [7] big-prime 1400000/11255300 (p=22183607) live=15676 elapsed=321s
    [2] big-prime 1400000/11255300 (p=22183607) live=15677 elapsed=321s
    [6] big-prime 1400000/11255300 (p=22183607) live=15675 elapsed=322s
    [1] big-prime 1600000/11255300 (p=25583527) live=15675 elapsed=347s
    [3] big-prime 1600000/11255300 (p=25583527) live=15676 elapsed=352s
    [0] big-prime 1600000/11255300 (p=25583527) live=15675 elapsed=352s
    [5] big-prime 1600000/11255300 (p=25583527) live=15676 elapsed=352s
    [8] big-prime 1600000/11255300 (p=25583527) live=15677 elapsed=353s
    [4] big-prime 1600000/11255300 (p=25583527) live=15675 elapsed=354s
    [7] big-prime 1600000/11255300 (p=25583527) live=15676 elapsed=356s
    [2] big-prime 1600000/11255300 (p=25583527) live=15677 elapsed=357s
    [6] big-prime 1600000/11255300 (p=25583527) live=15675 elapsed=358s
    [1] big-prime 1800000/11255300 (p=29007073) live=15675 elapsed=382s
    [0] big-prime 1800000/11255300 (p=29007073) live=15675 elapsed=386s
    [3] big-prime 1800000/11255300 (p=29007073) live=15676 elapsed=386s
    [5] big-prime 1800000/11255300 (p=29007073) live=15676 elapsed=387s
    [8] big-prime 1800000/11255300 (p=29007073) live=15677 elapsed=388s
    [4] big-prime 1800000/11255300 (p=29007073) live=15675 elapsed=389s
    [7] big-prime 1800000/11255300 (p=29007073) live=15676 elapsed=391s
    [2] big-prime 1800000/11255300 (p=29007073) live=15677 elapsed=391s
    [6] big-prime 1800000/11255300 (p=29007073) live=15675 elapsed=392s
    [1] big-prime 2000000/11255300 (p=32454283) live=15675 elapsed=416s
    [0] big-prime 2000000/11255300 (p=32454283) live=15675 elapsed=418s
    [3] big-prime 2000000/11255300 (p=32454283) live=15676 elapsed=421s
    [5] big-prime 2000000/11255300 (p=32454283) live=15676 elapsed=422s
    [8] big-prime 2000000/11255300 (p=32454283) live=15677 elapsed=422s
    [4] big-prime 2000000/11255300 (p=32454283) live=15675 elapsed=424s
    [7] big-prime 2000000/11255300 (p=32454283) live=15676 elapsed=425s
    [2] big-prime 2000000/11255300 (p=32454283) live=15677 elapsed=427s
    [6] big-prime 2000000/11255300 (p=32454283) live=15675 elapsed=427s
    [1] big-prime 2200000/11255300 (p=35927467) live=15675 elapsed=451s
    [0] big-prime 2200000/11255300 (p=35927467) live=15675 elapsed=452s
    [3] big-prime 2200000/11255300 (p=35927467) live=15676 elapsed=455s
    [8] big-prime 2200000/11255300 (p=35927467) live=15677 elapsed=457s
    [5] big-prime 2200000/11255300 (p=35927467) live=15676 elapsed=457s
    [4] big-prime 2200000/11255300 (p=35927467) live=15675 elapsed=460s
    [7] big-prime 2200000/11255300 (p=35927467) live=15676 elapsed=460s
    [2] big-prime 2200000/11255300 (p=35927467) live=15677 elapsed=461s
    [6] big-prime 2200000/11255300 (p=35927467) live=15675 elapsed=462s
    [1] big-prime 2400000/11255300 (p=39412091) live=15675 elapsed=485s
    [0] big-prime 2400000/11255300 (p=39412091) live=15675 elapsed=485s
    [3] big-prime 2400000/11255300 (p=39412091) live=15676 elapsed=487s
    [8] big-prime 2400000/11255300 (p=39412091) live=15677 elapsed=490s
    [5] big-prime 2400000/11255300 (p=39412091) live=15676 elapsed=491s
    [7] big-prime 2400000/11255300 (p=39412091) live=15676 elapsed=494s
    [4] big-prime 2400000/11255300 (p=39412091) live=15675 elapsed=494s
    [2] big-prime 2400000/11255300 (p=39412091) live=15677 elapsed=495s
    [6] big-prime 2400000/11255300 (p=39412091) live=15675 elapsed=496s
    [1] big-prime 2600000/11255300 (p=42921563) live=15675 elapsed=519s
    [0] big-prime 2600000/11255300 (p=42921563) live=15675 elapsed=519s
    [3] big-prime 2600000/11255300 (p=42921563) live=15676 elapsed=521s
    [8] big-prime 2600000/11255300 (p=42921563) live=15677 elapsed=524s
    [5] big-prime 2600000/11255300 (p=42921563) live=15676 elapsed=525s
    [7] big-prime 2600000/11255300 (p=42921563) live=15676 elapsed=527s
    [4] big-prime 2600000/11255300 (p=42921563) live=15675 elapsed=528s
    [2] big-prime 2600000/11255300 (p=42921563) live=15677 elapsed=529s
    [6] big-prime 2600000/11255300 (p=42921563) live=15675 elapsed=530s
    [1] big-prime 2800000/11255300 (p=46442579) live=15675 elapsed=553s
    [0] big-prime 2800000/11255300 (p=46442579) live=15675 elapsed=554s
    [3] big-prime 2800000/11255300 (p=46442579) live=15676 elapsed=556s
    [8] big-prime 2800000/11255300 (p=46442579) live=15677 elapsed=559s
    [5] big-prime 2800000/11255300 (p=46442579) live=15676 elapsed=559s
    [7] big-prime 2800000/11255300 (p=46442579) live=15676 elapsed=562s
    [4] big-prime 2800000/11255300 (p=46442579) live=15675 elapsed=563s
    [2] big-prime 2800000/11255300 (p=46442579) live=15677 elapsed=564s
    [6] big-prime 2800000/11255300 (p=46442579) live=15675 elapsed=566s
    [1] big-prime 3000000/11255300 (p=49981081) live=15675 elapsed=588s
    [0] big-prime 3000000/11255300 (p=49981081) live=15675 elapsed=588s
    [3] big-prime 3000000/11255300 (p=49981081) live=15676 elapsed=590s
    [8] big-prime 3000000/11255300 (p=49981081) live=15677 elapsed=594s
    [5] big-prime 3000000/11255300 (p=49981081) live=15676 elapsed=594s
    [7] big-prime 3000000/11255300 (p=49981081) live=15676 elapsed=596s
    [4] big-prime 3000000/11255300 (p=49981081) live=15675 elapsed=598s
    [2] big-prime 3000000/11255300 (p=49981081) live=15677 elapsed=598s
    [6] big-prime 3000000/11255300 (p=49981081) live=15675 elapsed=600s
    [1] big-prime 3200000/11255300 (p=53534969) live=15675 elapsed=622s
    [0] big-prime 3200000/11255300 (p=53534969) live=15675 elapsed=622s
    [3] big-prime 3200000/11255300 (p=53534969) live=15676 elapsed=623s
    [8] big-prime 3200000/11255300 (p=53534969) live=15677 elapsed=625s
    [5] big-prime 3200000/11255300 (p=53534969) live=15676 elapsed=625s
    [7] big-prime 3200000/11255300 (p=53534969) live=15676 elapsed=630s
    [4] big-prime 3200000/11255300 (p=53534969) live=15675 elapsed=631s
    [2] big-prime 3200000/11255300 (p=53534969) live=15677 elapsed=632s
    [6] big-prime 3200000/11255300 (p=53534969) live=15675 elapsed=634s
    [1] big-prime 3400000/11255300 (p=57100753) live=15675 elapsed=655s
    [0] big-prime 3400000/11255300 (p=57100753) live=15675 elapsed=656s
    [3] big-prime 3400000/11255300 (p=57100753) live=15676 elapsed=657s
    [5] big-prime 3400000/11255300 (p=57100753) live=15676 elapsed=658s
    [8] big-prime 3400000/11255300 (p=57100753) live=15677 elapsed=658s
    [7] big-prime 3400000/11255300 (p=57100753) live=15676 elapsed=664s
    [4] big-prime 3400000/11255300 (p=57100753) live=15675 elapsed=665s
    [2] big-prime 3400000/11255300 (p=57100753) live=15677 elapsed=665s
    [6] big-prime 3400000/11255300 (p=57100753) live=15675 elapsed=668s
    [1] big-prime 3600000/11255300 (p=60679429) live=10972 elapsed=683s
    [0] big-prime 3600000/11255300 (p=60679429) live=15675 elapsed=689s
    [3] big-prime 3600000/11255300 (p=60679429) live=15676 elapsed=690s
    [5] big-prime 3600000/11255300 (p=60679429) live=15676 elapsed=691s
    [8] big-prime 3600000/11255300 (p=60679429) live=15677 elapsed=692s
    [7] big-prime 3600000/11255300 (p=60679429) live=15676 elapsed=698s
    [4] big-prime 3600000/11255300 (p=60679429) live=15675 elapsed=698s
    [2] big-prime 3600000/11255300 (p=60679429) live=15677 elapsed=698s
    [6] big-prime 3600000/11255300 (p=60679429) live=15675 elapsed=702s
    [1] big-prime 3800000/11255300 (p=64270067) live=10972 elapsed=708s
    [3] big-prime 3800000/11255300 (p=64270067) live=10973 elapsed=715s
    [0] big-prime 3800000/11255300 (p=64270067) live=10972 elapsed=721s
    [5] big-prime 3800000/11255300 (p=64270067) live=15676 elapsed=725s
    [8] big-prime 3800000/11255300 (p=64270067) live=10973 elapsed=726s
    [2] big-prime 3800000/11255300 (p=64270067) live=10973 elapsed=728s
    [4] big-prime 3800000/11255300 (p=64270067) live=15675 elapsed=729s
    [7] big-prime 3800000/11255300 (p=64270067) live=10973 elapsed=729s
    [1] big-prime 4000000/11255300 (p=67869257) live=10972 elapsed=733s
    [6] big-prime 3800000/11255300 (p=64270067) live=15675 elapsed=735s
    [3] big-prime 4000000/11255300 (p=67869257) live=10973 elapsed=741s
    [0] big-prime 4000000/11255300 (p=67869257) live=10972 elapsed=747s
    [5] big-prime 4000000/11255300 (p=67869257) live=10973 elapsed=750s
    [8] big-prime 4000000/11255300 (p=67869257) live=10973 elapsed=752s
    [2] big-prime 4000000/11255300 (p=67869257) live=10973 elapsed=753s
    [7] big-prime 4000000/11255300 (p=67869257) live=10973 elapsed=755s
    [1] big-prime 4200000/11255300 (p=71481463) live=10972 elapsed=756s
    [4] big-prime 4000000/11255300 (p=67869257) live=10972 elapsed=759s
    [3] big-prime 4200000/11255300 (p=71481463) live=10973 elapsed=764s
    [6] big-prime 4000000/11255300 (p=67869257) live=15675 elapsed=767s
    [0] big-prime 4200000/11255300 (p=71481463) live=10972 elapsed=772s
    [5] big-prime 4200000/11255300 (p=71481463) live=10973 elapsed=775s
    [8] big-prime 4200000/11255300 (p=71481463) live=10973 elapsed=777s
    [2] big-prime 4200000/11255300 (p=71481463) live=10973 elapsed=779s
    [7] big-prime 4200000/11255300 (p=71481463) live=10973 elapsed=781s
    [1] big-prime 4400000/11255300 (p=75104903) live=10972 elapsed=782s
    [4] big-prime 4200000/11255300 (p=71481463) live=10972 elapsed=786s
    [3] big-prime 4400000/11255300 (p=75104903) live=10973 elapsed=791s
    [0] big-prime 4400000/11255300 (p=75104903) live=10972 elapsed=798s
    [6] big-prime 4200000/11255300 (p=71481463) live=15675 elapsed=803s
    [5] big-prime 4400000/11255300 (p=75104903) live=10973 elapsed=803s
    [8] big-prime 4400000/11255300 (p=75104903) live=10973 elapsed=805s
    [2] big-prime 4400000/11255300 (p=75104903) live=10973 elapsed=806s
    [7] big-prime 4400000/11255300 (p=75104903) live=10973 elapsed=808s
    [1] big-prime 4600000/11255300 (p=78738059) live=10972 elapsed=809s
    [4] big-prime 4400000/11255300 (p=75104903) live=10972 elapsed=812s
    [3] big-prime 4600000/11255300 (p=78738059) live=10973 elapsed=816s
    [0] big-prime 4600000/11255300 (p=78738059) live=10972 elapsed=823s
    [5] big-prime 4600000/11255300 (p=78738059) live=10973 elapsed=826s
    [6] big-prime 4400000/11255300 (p=75104903) live=10972 elapsed=826s
    [8] big-prime 4600000/11255300 (p=78738059) live=10973 elapsed=828s
    [2] big-prime 4600000/11255300 (p=78738059) live=10973 elapsed=830s
    [7] big-prime 4600000/11255300 (p=78738059) live=10973 elapsed=831s
    [1] big-prime 4800000/11255300 (p=82377469) live=10972 elapsed=832s
    [4] big-prime 4600000/11255300 (p=78738059) live=10972 elapsed=837s
    [3] big-prime 4800000/11255300 (p=82377469) live=10973 elapsed=841s
    [0] big-prime 4800000/11255300 (p=82377469) live=10972 elapsed=848s
    [5] big-prime 4800000/11255300 (p=82377469) live=10973 elapsed=852s
    [6] big-prime 4600000/11255300 (p=78738059) live=10972 elapsed=852s
    [8] big-prime 4800000/11255300 (p=82377469) live=10973 elapsed=854s
    [2] big-prime 4800000/11255300 (p=82377469) live=10973 elapsed=855s
    [7] big-prime 4800000/11255300 (p=82377469) live=10973 elapsed=856s
    [1] big-prime 5000000/11255300 (p=86029579) live=10972 elapsed=858s
    [4] big-prime 4800000/11255300 (p=82377469) live=10972 elapsed=860s
    [3] big-prime 5000000/11255300 (p=86029579) live=10973 elapsed=864s
    [0] big-prime 5000000/11255300 (p=86029579) live=10972 elapsed=874s
    [6] big-prime 4800000/11255300 (p=82377469) live=10972 elapsed=877s
    [5] big-prime 5000000/11255300 (p=86029579) live=10973 elapsed=877s
    [8] big-prime 5000000/11255300 (p=86029579) live=10973 elapsed=879s
    [2] big-prime 5000000/11255300 (p=86029579) live=10973 elapsed=881s
    [7] big-prime 5000000/11255300 (p=86029579) live=10973 elapsed=882s
    [1] big-prime 5200000/11255300 (p=89689079) live=10972 elapsed=883s
    [4] big-prime 5000000/11255300 (p=86029579) live=10972 elapsed=885s
    [3] big-prime 5200000/11255300 (p=89689079) live=10973 elapsed=889s
    [0] big-prime 5200000/11255300 (p=89689079) live=10972 elapsed=897s
    [6] big-prime 5000000/11255300 (p=86029579) live=10972 elapsed=900s
    [5] big-prime 5200000/11255300 (p=89689079) live=10973 elapsed=900s
    [8] big-prime 5200000/11255300 (p=89689079) live=10973 elapsed=905s
    [2] big-prime 5200000/11255300 (p=89689079) live=10973 elapsed=906s
    [7] big-prime 5200000/11255300 (p=89689079) live=10973 elapsed=907s
    [1] big-prime 5400000/11255300 (p=93356071) live=10972 elapsed=908s
    [4] big-prime 5200000/11255300 (p=89689079) live=10972 elapsed=910s
    [3] big-prime 5400000/11255300 (p=93356071) live=10973 elapsed=914s
    [0] big-prime 5400000/11255300 (p=93356071) live=10972 elapsed=921s
    [5] big-prime 5400000/11255300 (p=93356071) live=10973 elapsed=925s
    [6] big-prime 5200000/11255300 (p=89689079) live=10972 elapsed=925s
    [8] big-prime 5400000/11255300 (p=93356071) live=10973 elapsed=928s
    [2] big-prime 5400000/11255300 (p=93356071) live=10973 elapsed=930s
    [7] big-prime 5400000/11255300 (p=93356071) live=10973 elapsed=930s
    [1] big-prime 5600000/11255300 (p=97027681) live=10972 elapsed=932s
    [4] big-prime 5400000/11255300 (p=93356071) live=10972 elapsed=934s
    [3] big-prime 5600000/11255300 (p=97027681) live=10973 elapsed=940s
    [0] big-prime 5600000/11255300 (p=97027681) live=10972 elapsed=947s
    [5] big-prime 5600000/11255300 (p=97027681) live=10973 elapsed=951s
    [6] big-prime 5400000/11255300 (p=93356071) live=10972 elapsed=951s
    [8] big-prime 5600000/11255300 (p=97027681) live=10973 elapsed=954s
    [7] big-prime 5600000/11255300 (p=97027681) live=10973 elapsed=956s
    [2] big-prime 5600000/11255300 (p=97027681) live=10973 elapsed=957s
    [1] big-prime 5800000/11255300 (p=100712849) live=10972 elapsed=958s
    [4] big-prime 5600000/11255300 (p=97027681) live=10972 elapsed=961s
    [3] big-prime 5800000/11255300 (p=100712849) live=10973 elapsed=964s
    [0] big-prime 5800000/11255300 (p=100712849) live=10972 elapsed=973s
    [5] big-prime 5800000/11255300 (p=100712849) live=10973 elapsed=977s
    [8] big-prime 5800000/11255300 (p=100712849) live=10973 elapsed=990s
    [2] big-prime 5800000/11255300 (p=100712849) live=10973 elapsed=991s
    [6] big-prime 5600000/11255300 (p=97027681) live=10972 elapsed=992s
    [7] big-prime 5800000/11255300 (p=100712849) live=10973 elapsed=995s
    [1] big-prime 6000000/11255300 (p=104396641) live=10972 elapsed=996s
    [4] big-prime 5800000/11255300 (p=100712849) live=10972 elapsed=1002s
    [3] big-prime 6000000/11255300 (p=104396641) live=10973 elapsed=1007s
    [0] big-prime 6000000/11255300 (p=104396641) live=10972 elapsed=1012s
    [5] big-prime 6000000/11255300 (p=104396641) live=10973 elapsed=1016s
    [8] big-prime 6000000/11255300 (p=104396641) live=10973 elapsed=1020s
    [2] big-prime 6000000/11255300 (p=104396641) live=10973 elapsed=1021s
    [6] big-prime 5800000/11255300 (p=100712849) live=10972 elapsed=1021s
    [7] big-prime 6000000/11255300 (p=104396641) live=10973 elapsed=1023s
    [1] big-prime 6200000/11255300 (p=108094627) live=10972 elapsed=1024s
    [4] big-prime 6000000/11255300 (p=104396641) live=10972 elapsed=1027s
    [3] big-prime 6200000/11255300 (p=108094627) live=10973 elapsed=1030s
    [0] big-prime 6200000/11255300 (p=108094627) live=10972 elapsed=1035s
    [5] big-prime 6200000/11255300 (p=108094627) live=10973 elapsed=1038s
    [8] big-prime 6200000/11255300 (p=108094627) live=10973 elapsed=1044s
    [2] big-prime 6200000/11255300 (p=108094627) live=10973 elapsed=1045s
    [6] big-prime 6000000/11255300 (p=104396641) live=10972 elapsed=1046s
    [7] big-prime 6200000/11255300 (p=108094627) live=10973 elapsed=1048s
    [1] big-prime 6400000/11255300 (p=111796397) live=10972 elapsed=1049s
    [4] big-prime 6200000/11255300 (p=108094627) live=10972 elapsed=1052s
    [3] big-prime 6400000/11255300 (p=111796397) live=10973 elapsed=1056s
    [0] big-prime 6400000/11255300 (p=111796397) live=10972 elapsed=1060s
    [5] big-prime 6400000/11255300 (p=111796397) live=10973 elapsed=1064s
    [8] big-prime 6400000/11255300 (p=111796397) live=10973 elapsed=1068s
    [2] big-prime 6400000/11255300 (p=111796397) live=10973 elapsed=1069s
    [6] big-prime 6200000/11255300 (p=108094627) live=10972 elapsed=1069s
    [7] big-prime 6400000/11255300 (p=111796397) live=10973 elapsed=1071s
    [1] big-prime 6600000/11255300 (p=115509299) live=10972 elapsed=1072s
    [4] big-prime 6400000/11255300 (p=111796397) live=10972 elapsed=1076s
    [3] big-prime 6600000/11255300 (p=115509299) live=10973 elapsed=1080s
    [0] big-prime 6600000/11255300 (p=115509299) live=10972 elapsed=1084s
    [5] big-prime 6600000/11255300 (p=115509299) live=10973 elapsed=1089s
    [8] big-prime 6600000/11255300 (p=115509299) live=10973 elapsed=1092s
    [2] big-prime 6600000/11255300 (p=115509299) live=10973 elapsed=1094s
    [6] big-prime 6400000/11255300 (p=111796397) live=10972 elapsed=1094s
    [7] big-prime 6600000/11255300 (p=115509299) live=10973 elapsed=1095s
    [1] big-prime 6800000/11255300 (p=119228377) live=10972 elapsed=1096s
    [4] big-prime 6600000/11255300 (p=115509299) live=10972 elapsed=1099s
    [3] big-prime 6800000/11255300 (p=119228377) live=10973 elapsed=1105s
    [0] big-prime 6800000/11255300 (p=119228377) live=10972 elapsed=1114s
    [5] big-prime 6800000/11255300 (p=119228377) live=10973 elapsed=1124s
    [8] big-prime 6800000/11255300 (p=119228377) live=10973 elapsed=1130s
    [2] big-prime 6800000/11255300 (p=119228377) live=10973 elapsed=1132s
    [6] big-prime 6600000/11255300 (p=115509299) live=10972 elapsed=1132s
    [1] big-prime 7000000/11255300 (p=122951287) live=10972 elapsed=1136s
    [7] big-prime 6800000/11255300 (p=119228377) live=10973 elapsed=1138s
    [4] big-prime 6800000/11255300 (p=119228377) live=10972 elapsed=1140s
    [3] big-prime 7000000/11255300 (p=122951287) live=10973 elapsed=1152s
    [0] big-prime 7000000/11255300 (p=122951287) live=10972 elapsed=1158s
    [5] big-prime 7000000/11255300 (p=122951287) live=10973 elapsed=1165s
    [8] big-prime 7000000/11255300 (p=122951287) live=10973 elapsed=1173s
    [2] big-prime 7000000/11255300 (p=122951287) live=10973 elapsed=1176s
    [6] big-prime 6800000/11255300 (p=119228377) live=10972 elapsed=1179s
    [7] big-prime 7000000/11255300 (p=122951287) live=10973 elapsed=1180s
    [1] big-prime 7200000/11255300 (p=126675349) live=10972 elapsed=1182s
    [4] big-prime 7000000/11255300 (p=122951287) live=10972 elapsed=1183s
    [3] big-prime 7200000/11255300 (p=126675349) live=10973 elapsed=1193s
    [0] big-prime 7200000/11255300 (p=126675349) live=10972 elapsed=1198s
    [5] big-prime 7200000/11255300 (p=126675349) live=10973 elapsed=1208s
    [8] big-prime 7200000/11255300 (p=126675349) live=10973 elapsed=1219s
    [6] big-prime 7000000/11255300 (p=122951287) live=10972 elapsed=1220s
    [4] big-prime 7200000/11255300 (p=126675349) live=10972 elapsed=1221s
    [2] big-prime 7200000/11255300 (p=126675349) live=10973 elapsed=1222s
    [7] big-prime 7200000/11255300 (p=126675349) live=10973 elapsed=1222s
    [1] big-prime 7400000/11255300 (p=130410337) live=10972 elapsed=1224s
    [3] big-prime 7400000/11255300 (p=130410337) live=10973 elapsed=1232s
    [0] big-prime 7400000/11255300 (p=130410337) live=10972 elapsed=1238s
    [5] big-prime 7400000/11255300 (p=130410337) live=10973 elapsed=1254s
    [8] big-prime 7400000/11255300 (p=130410337) live=10973 elapsed=1259s
    [2] big-prime 7400000/11255300 (p=130410337) live=10973 elapsed=1261s
    [6] big-prime 7200000/11255300 (p=126675349) live=10972 elapsed=1262s
    [4] big-prime 7400000/11255300 (p=130410337) live=10972 elapsed=1263s
    [7] big-prime 7400000/11255300 (p=130410337) live=10973 elapsed=1266s
    [1] big-prime 7600000/11255300 (p=134152387) live=10972 elapsed=1267s
    [3] big-prime 7600000/11255300 (p=134152387) live=10973 elapsed=1270s
    [0] big-prime 7600000/11255300 (p=134152387) live=10972 elapsed=1276s
    [5] big-prime 7600000/11255300 (p=134152387) live=10973 elapsed=1287s
    [8] big-prime 7600000/11255300 (p=134152387) live=10973 elapsed=1289s
    [2] big-prime 7600000/11255300 (p=134152387) live=10973 elapsed=1290s
    [6] big-prime 7400000/11255300 (p=130410337) live=10972 elapsed=1291s
    [4] big-prime 7600000/11255300 (p=134152387) live=10972 elapsed=1291s
    [7] big-prime 7600000/11255300 (p=134152387) live=10973 elapsed=1293s
    [1] big-prime 7800000/11255300 (p=137897521) live=10972 elapsed=1294s
    [3] big-prime 7800000/11255300 (p=137897521) live=10973 elapsed=1296s
    [0] big-prime 7800000/11255300 (p=137897521) live=10972 elapsed=1301s
    [5] big-prime 7800000/11255300 (p=137897521) live=10973 elapsed=1310s
    [8] big-prime 7800000/11255300 (p=137897521) live=10973 elapsed=1312s
    [2] big-prime 7800000/11255300 (p=137897521) live=10973 elapsed=1312s
    [6] big-prime 7600000/11255300 (p=134152387) live=10972 elapsed=1313s
    [4] big-prime 7800000/11255300 (p=137897521) live=10972 elapsed=1314s
    [7] big-prime 7800000/11255300 (p=137897521) live=10973 elapsed=1318s
    [1] big-prime 8000000/11255300 (p=141652349) live=10972 elapsed=1320s
    [3] big-prime 8000000/11255300 (p=141652349) live=10973 elapsed=1321s
    [0] big-prime 8000000/11255300 (p=141652349) live=10972 elapsed=1327s
    [5] big-prime 8000000/11255300 (p=141652349) live=10973 elapsed=1335s
    [8] big-prime 8000000/11255300 (p=141652349) live=10973 elapsed=1337s
    [2] big-prime 8000000/11255300 (p=141652349) live=10973 elapsed=1338s
    [6] big-prime 7800000/11255300 (p=137897521) live=10972 elapsed=1339s
    [4] big-prime 8000000/11255300 (p=141652349) live=10972 elapsed=1339s
    [7] big-prime 8000000/11255300 (p=141652349) live=10973 elapsed=1340s
    [1] big-prime 8200000/11255300 (p=145404767) live=10972 elapsed=1342s
    [3] big-prime 8200000/11255300 (p=145404767) live=10973 elapsed=1343s
    [0] big-prime 8200000/11255300 (p=145404767) live=10972 elapsed=1349s
    [5] big-prime 8200000/11255300 (p=145404767) live=10973 elapsed=1361s
    [8] big-prime 8200000/11255300 (p=145404767) live=10973 elapsed=1363s
    [2] big-prime 8200000/11255300 (p=145404767) live=10973 elapsed=1364s
    [4] big-prime 8200000/11255300 (p=145404767) live=10972 elapsed=1365s
    [6] big-prime 8000000/11255300 (p=141652349) live=10972 elapsed=1365s
    [7] big-prime 8200000/11255300 (p=145404767) live=10973 elapsed=1366s
    [1] big-prime 8400000/11255300 (p=149164663) live=10972 elapsed=1368s
    [3] big-prime 8400000/11255300 (p=149164663) live=10973 elapsed=1370s
    [0] big-prime 8400000/11255300 (p=149164663) live=10972 elapsed=1375s
    [5] big-prime 8400000/11255300 (p=149164663) live=10973 elapsed=1386s
    [8] big-prime 8400000/11255300 (p=149164663) live=10973 elapsed=1389s
    [2] big-prime 8400000/11255300 (p=149164663) live=10973 elapsed=1389s
    [6] big-prime 8200000/11255300 (p=145404767) live=10972 elapsed=1390s
    [4] big-prime 8400000/11255300 (p=149164663) live=10972 elapsed=1390s
    [7] big-prime 8400000/11255300 (p=149164663) live=10973 elapsed=1391s
    [1] big-prime 8600000/11255300 (p=152937307) live=10972 elapsed=1393s
    [3] big-prime 8600000/11255300 (p=152937307) live=10973 elapsed=1394s
    [0] big-prime 8600000/11255300 (p=152937307) live=10972 elapsed=1400s
    [5] big-prime 8600000/11255300 (p=152937307) live=10973 elapsed=1409s
    [8] big-prime 8600000/11255300 (p=152937307) live=10973 elapsed=1411s
    [2] big-prime 8600000/11255300 (p=152937307) live=10973 elapsed=1411s
    [6] big-prime 8400000/11255300 (p=149164663) live=10972 elapsed=1413s
    [4] big-prime 8600000/11255300 (p=152937307) live=10972 elapsed=1413s
    [7] big-prime 8600000/11255300 (p=152937307) live=10973 elapsed=1413s
    [1] big-prime 8800000/11255300 (p=156705457) live=10972 elapsed=1416s
    [3] big-prime 8800000/11255300 (p=156705457) live=10973 elapsed=1417s
    [0] big-prime 8800000/11255300 (p=156705457) live=10972 elapsed=1426s
    [5] big-prime 8800000/11255300 (p=156705457) live=10973 elapsed=1437s
    [2] big-prime 8800000/11255300 (p=156705457) live=10973 elapsed=1439s
    [8] big-prime 8800000/11255300 (p=156705457) live=10973 elapsed=1440s
    [6] big-prime 8600000/11255300 (p=152937307) live=10972 elapsed=1441s
    [7] big-prime 8800000/11255300 (p=156705457) live=10973 elapsed=1442s
    [4] big-prime 8800000/11255300 (p=156705457) live=10972 elapsed=1442s
    [1] big-prime 9000000/11255300 (p=160482929) live=10972 elapsed=1445s
    [3] big-prime 9000000/11255300 (p=160482929) live=10973 elapsed=1446s
    [0] big-prime 9000000/11255300 (p=160482929) live=10972 elapsed=1452s
    [5] big-prime 9000000/11255300 (p=160482929) live=10973 elapsed=1465s
    [8] big-prime 9000000/11255300 (p=160482929) live=10973 elapsed=1468s
    [2] big-prime 9000000/11255300 (p=160482929) live=10973 elapsed=1470s
    [6] big-prime 8800000/11255300 (p=156705457) live=10972 elapsed=1471s
    [7] big-prime 9000000/11255300 (p=160482929) live=10973 elapsed=1471s
    [4] big-prime 9000000/11255300 (p=160482929) live=10972 elapsed=1472s
    [3] big-prime 9200000/11255300 (p=164264627) live=10973 elapsed=1474s
    [1] big-prime 9200000/11255300 (p=164264627) live=10972 elapsed=1477s
    [0] big-prime 9200000/11255300 (p=164264627) live=10972 elapsed=1480s
    [5] big-prime 9200000/11255300 (p=164264627) live=10973 elapsed=1491s
    [8] big-prime 9200000/11255300 (p=164264627) live=10973 elapsed=1497s
    [2] big-prime 9200000/11255300 (p=164264627) live=10973 elapsed=1502s
    [7] big-prime 9200000/11255300 (p=164264627) live=10973 elapsed=1505s
    [4] big-prime 9200000/11255300 (p=164264627) live=10972 elapsed=1506s
    [6] big-prime 9000000/11255300 (p=160482929) live=10972 elapsed=1506s
    [3] big-prime 9400000/11255300 (p=168050177) live=10973 elapsed=1513s
    [1] big-prime 9400000/11255300 (p=168050177) live=10972 elapsed=1519s
    [0] big-prime 9400000/11255300 (p=168050177) live=10972 elapsed=1525s
    [5] big-prime 9400000/11255300 (p=168050177) live=10973 elapsed=1539s
    [8] big-prime 9400000/11255300 (p=168050177) live=10973 elapsed=1565s
    [7] big-prime 9400000/11255300 (p=168050177) live=10973 elapsed=1568s
    [4] big-prime 9400000/11255300 (p=168050177) live=10972 elapsed=1569s
    [2] big-prime 9400000/11255300 (p=168050177) live=10973 elapsed=1570s
    [6] big-prime 9200000/11255300 (p=164264627) live=10972 elapsed=1571s
    [3] big-prime 9600000/11255300 (p=171835501) live=10973 elapsed=1575s
    [1] big-prime 9600000/11255300 (p=171835501) live=10972 elapsed=1581s
    [0] big-prime 9600000/11255300 (p=171835501) live=10972 elapsed=1582s
    [5] big-prime 9600000/11255300 (p=171835501) live=10973 elapsed=1595s
    [8] big-prime 9600000/11255300 (p=171835501) live=10973 elapsed=1614s
    [7] big-prime 9600000/11255300 (p=171835501) live=10973 elapsed=1614s
    [2] big-prime 9600000/11255300 (p=171835501) live=10973 elapsed=1616s
    [4] big-prime 9600000/11255300 (p=171835501) live=10972 elapsed=1618s
    [6] big-prime 9400000/11255300 (p=168050177) live=10972 elapsed=1621s
    [3] big-prime 9800000/11255300 (p=175630051) live=10973 elapsed=1623s
    [0] big-prime 9800000/11255300 (p=175630051) live=10972 elapsed=1632s
    [1] big-prime 9800000/11255300 (p=175630051) live=10972 elapsed=1633s
    [5] big-prime 9800000/11255300 (p=175630051) live=10973 elapsed=1643s
    [7] big-prime 9800000/11255300 (p=175630051) live=10973 elapsed=1655s
    [8] big-prime 9800000/11255300 (p=175630051) live=10973 elapsed=1656s
    [2] big-prime 9800000/11255300 (p=175630051) live=10973 elapsed=1659s
    [4] big-prime 9800000/11255300 (p=175630051) live=10972 elapsed=1664s
    [6] big-prime 9600000/11255300 (p=171835501) live=10972 elapsed=1666s
    [1] big-prime 10000000/11255300 (p=179426123) live=7663 elapsed=1669s
    [3] big-prime 10000000/11255300 (p=179426123) live=10973 elapsed=1669s
    [0] big-prime 10000000/11255300 (p=179426123) live=10972 elapsed=1674s
    [5] big-prime 10000000/11255300 (p=179426123) live=7591 elapsed=1684s
    [8] big-prime 10000000/11255300 (p=179426123) live=10973 elapsed=1696s
    [1] big-prime 10200000/11255300 (p=183238063) live=7663 elapsed=1699s
    [7] big-prime 10000000/11255300 (p=179426123) live=10973 elapsed=1699s
    [2] big-prime 10000000/11255300 (p=179426123) live=10973 elapsed=1700s
    [3] big-prime 10200000/11255300 (p=183238063) live=7640 elapsed=1700s
    [4] big-prime 10000000/11255300 (p=179426123) live=10972 elapsed=1701s
    [0] big-prime 10200000/11255300 (p=183238063) live=7619 elapsed=1702s
    [6] big-prime 9800000/11255300 (p=175630051) live=10972 elapsed=1703s
    [5] big-prime 10200000/11255300 (p=183238063) live=7591 elapsed=1707s
    [1] big-prime 10400000/11255300 (p=187039561) live=5299 elapsed=1714s
    [3] big-prime 10400000/11255300 (p=187039561) live=7640 elapsed=1716s
    [2] big-prime 10200000/11255300 (p=183238063) live=7679 elapsed=1717s
    [4] big-prime 10200000/11255300 (p=183238063) live=7638 elapsed=1717s
    [7] big-prime 10200000/11255300 (p=183238063) live=7660 elapsed=1718s
    [8] big-prime 10200000/11255300 (p=183238063) live=7631 elapsed=1718s
    [0] big-prime 10400000/11255300 (p=187039561) live=7619 elapsed=1718s
    [5] big-prime 10400000/11255300 (p=187039561) live=7591 elapsed=1723s
    [6] big-prime 10000000/11255300 (p=179426123) live=10972 elapsed=1724s
    [1] big-prime 10600000/11255300 (p=190852147) live=5299 elapsed=1726s
    [3] big-prime 10600000/11255300 (p=190852147) live=5310 elapsed=1729s
    [0] big-prime 10600000/11255300 (p=190852147) live=5311 elapsed=1735s
    [2] big-prime 10400000/11255300 (p=187039561) live=7679 elapsed=1736s
    [4] big-prime 10400000/11255300 (p=187039561) live=7638 elapsed=1736s
    [7] big-prime 10400000/11255300 (p=187039561) live=7660 elapsed=1737s
    [8] big-prime 10400000/11255300 (p=187039561) live=7631 elapsed=1737s
    [5] big-prime 10600000/11255300 (p=190852147) live=5301 elapsed=1738s
    [1] big-prime 10800000/11255300 (p=194668703) live=3674 elapsed=1740s
    [3] big-prime 10800000/11255300 (p=194668703) live=3715 elapsed=1744s
    [6] big-prime 10200000/11255300 (p=183238063) live=7664 elapsed=1747s
    [0] big-prime 10800000/11255300 (p=194668703) live=5311 elapsed=1748s
    [1] big-prime 11000000/11255300 (p=198492751) live=2560 elapsed=1748s
    [5] big-prime 10800000/11255300 (p=194668703) live=3646 elapsed=1750s
    [8] big-prime 10600000/11255300 (p=190852147) live=5291 elapsed=1751s
    [4] big-prime 10600000/11255300 (p=190852147) live=5341 elapsed=1751s
    [7] big-prime 10600000/11255300 (p=190852147) live=5291 elapsed=1751s
    [2] big-prime 10600000/11255300 (p=190852147) live=5375 elapsed=1751s
    [3] big-prime 11000000/11255300 (p=198492751) live=2559 elapsed=1751s
    [1] big-prime 11200000/11255300 (p=202315037) live=528 elapsed=1759s
    [0] big-prime 11000000/11255300 (p=198492751) live=2519 elapsed=1760s
    [5] big-prime 11000000/11255300 (p=198492751) live=3646 elapsed=1771s
    [3] big-prime 11200000/11255300 (p=202315037) live=254 elapsed=1778s
    [8] big-prime 10800000/11255300 (p=194668703) live=3699 elapsed=1778s
    [6] big-prime 10400000/11255300 (p=187039561) live=7664 elapsed=1779s
    [4] big-prime 10800000/11255300 (p=194668703) live=5341 elapsed=1780s
    [7] big-prime 10800000/11255300 (p=194668703) live=3693 elapsed=1780s
    [2] big-prime 10800000/11255300 (p=194668703) live=3758 elapsed=1780s
    [8] big-prime 11000000/11255300 (p=198492751) live=2576 elapsed=1811s
    [7] big-prime 11000000/11255300 (p=198492751) live=2571 elapsed=1826s
    [2] big-prime 11000000/11255300 (p=198492751) live=1774 elapsed=1827s
    [4] big-prime 11000000/11255300 (p=198492751) live=2567 elapsed=1832s
    [6] big-prime 10600000/11255300 (p=190852147) live=5346 elapsed=1851s
    [5] big-prime 11200000/11255300 (p=202315037) live=745 elapsed=1912s
    [6] big-prime 10800000/11255300 (p=194668703) live=3734 elapsed=1960s
    [6] big-prime 11000000/11255300 (p=198492751) live=2592 elapsed=2068s
    [0] big-prime 11200000/11255300 (p=202315037) live=833 elapsed=2162s
    [2] big-prime 11200000/11255300 (p=202315037) live=488 elapsed=2197s
    [4] big-prime 11200000/11255300 (p=202315037) live=375 elapsed=2276s
    [6] big-prime 11200000/11255300 (p=202315037) live=577 elapsed=2357s
    [8] big-prime 11200000/11255300 (p=202315037) live=535 elapsed=2361s
    [7] big-prime 11200000/11255300 (p=202315037) live=562 elapsed=2362s
[2509s] chunk 0 done (4380 smooth)
[2509s] chunk 1 done (4427 smooth)
[2509s] chunk 2 done (4423 smooth)
[2509s] chunk 3 done (4431 smooth)
[2509s] chunk 4 done (4348 smooth)
[2509s] chunk 5 done (4439 smooth)
[2509s] chunk 6 done (4311 smooth)
[2509s] chunk 7 done (4324 smooth)
[2509s] chunk 8 done (4307 smooth)
    [20261210] spot-check 300 values vs Pollard-rho full factorization: mismatches=0
    [20261211] spot-check 300 values vs Pollard-rho full factorization: mismatches=0
    [20261212] spot-check 300 values vs Pollard-rho full factorization: mismatches=0
[2511s] stage 03 done
[2512s] FINAL: pooled rho_T=0.4364 CI[0.3881,0.4811] rho_cnt=0.3611 adv=+0.0752 CI[0.0274,0.1247] H2=True VERDICT=U120-FLOOR-LOWER
RUN_DONE
