[setup] primes < 2^22: 295947  (0.0s)
[law] computing exact law values from explicit groups...
  S3   |G|=  6 G^ab|=2 H=1.459148 (hand 1.459148)  I=1.000000 (hand 1.000000)  OK
  C3   |G|=  3 G^ab|=3 H=0.918296 (hand 0.918296)  I=0.918296 (hand 0.918296)  OK
  C4   |G|=  4 G^ab|=4 H=1.500000 (hand 1.500000)  I=1.500000 (hand 1.500000)  OK
  C5   |G|=  5 G^ab|=5 H=0.721928 (hand 0.721928)  I=0.721928 (hand 0.721928)  OK
  C6   |G|=  6 G^ab|=6 H=1.918296 (hand 1.918296)  I=1.918296 (hand 1.918296)  OK
  C8   |G|=  8 G^ab|=8 H=1.750000 (hand 1.750000)  I=1.750000 (hand 1.750000)  OK
  V4   |G|=  4 G^ab|=4 H=0.811278 (hand 0.811278)  I=0.811278 (hand 0.811278)  OK
  D4   |G|=  8 G^ab|=4 H=1.905639 (hand 1.905639)  I=1.655639 (hand 1.655639)  OK
  A4   |G|= 12 G^ab|=3 H=1.188722 (hand 1.188722)  I=0.918296 (hand 0.918296)  OK
  F20  |G|= 20 G^ab|=4 H=1.680482 (hand 1.680482)  I=1.500000 (hand 1.500000)  OK
/home/raver1975/.local/lib/python3.12/site-packages/sympy/polys/polytools.py:6282: SymPyDeprecationWarning: 

Ordered comparisons with modular integers are deprecated.

            Use e.g. int(a) < int(b) instead of a < b.

See https://docs.sympy.org/latest/explanation/active-deprecations.html#modularinteger-compare
for details.

This has been deprecated since SymPy version 1.13. It
will be removed in a future version of SymPy.

  return sorted(factors, key=key)
[field S3a   ] n=295946 m*=  31 disc=31       ram=[31] H=1.4589 I=1.0000 z=+41296.67 (3.5s)
[field S3b   ] n=295946 m*=  23 disc=23       ram=[23] H=1.4584 I=1.0000 z=+43308.18 (3.0s)
[field S3c   ] n=295945 m*=   3 disc=108      ram=[2, 3] H=1.4588 I=1.0000 z=+191689.80 (2.6s)
[field S3d   ] n=295946 m*= 229 disc=229      ram=[229] H=1.4586 I=1.0001 z=+14007.58 (3.0s)
[field C3@7  ] n=295946 m*=   7 disc=49       ram=[7] H=0.9182 I=0.9182 z=+122530.15 (5.7s)
[field C3@9  ] n=295946 m*=   9 disc=81       ram=[3] H=0.9181 I=0.9181 z=+116917.73 (3.1s)
[field C3@13 ] n=295946 m*=  13 disc=169      ram=[13] H=0.9183 I=0.9183 z=+91832.90 (3.6s)
[field C4    ] n=295946 m*=   5 disc=125      ram=[5] H=1.4997 I=1.4997 z=+167209.21 (11.4s)
[field C5    ] n=295946 m*=  11 disc=14641    ram=[11] H=0.7221 I=0.7221 z=+72057.30 (22.0s)
[field C6    ] n=295946 m*=  13 disc=371293   ram=[13] H=1.9183 I=1.9183 z=+95640.94 (45.8s)
[field C8    ] n=295946 m*=  17 disc=410338673 ram=[17] H=1.7497 I=1.7497 z=+76153.68 (126.9s)
[field V4    ] n=295945 m*=   8 disc=147456   ram=[2, 3] H=0.8108 I=0.8108 z=+145621.14 (8.1s)
[field D4    ] n=295946 m*=   8 disc=2048     ram=[2] H=1.9051 I=1.6554 z=+160767.84 (10.7s)
[field A4    ] n=295945 m*=   9 disc=331776   ram=[2, 3] H=1.1882 I=0.9181 z=+84972.97 (10.2s)
[field F20   ] n=295945 m*=   5 disc=50000    ram=[2, 5] H=1.6797 I=1.4997 z=+141549.19 (16.3s)
[thicken] S3a I(p mod 961;T)=0.99953 vs I(p mod 31;T)=0.99997  delta=-0.00044 z=+6603.59
[flat S3a   ] I(p mod 101;T)=0.00025 null=0.00049+/-0.00005 excess=-0.00024 PASS
[flat C3@7  ] I(p mod 101;T)=0.00008 null=0.00024+/-0.00004 excess=-0.00016 PASS
[flat D4    ] I(p mod 101;T)=0.00030 null=0.00074+/-0.00006 excess=-0.00043 PASS
[flat A4    ] I(p mod 101;T)=0.00039 null=0.00049+/-0.00005 excess=-0.00009 PASS
[flat F20   ] I(p mod 101;T)=0.00035 null=0.00074+/-0.00006 excess=-0.00038 PASS
[flat C8    ] I(p mod 101;T)=0.00027 null=0.00074+/-0.00006 excess=-0.00047 PASS

================================================================================================================
PRECISION TABLE  exp463 CHEBOTAREV-PRECISION  seed=20260821  primes<2^22 (n=295947)
================================================================================================================
field         n   m*   H_meas   sigH    H_law   I_meas    I_law   I_rec   d(law)   d(rec)      z  maxden
----------------------------------------------------------------------------------------------------------------
S3a      295946   31   1.4589 0.0011   1.4591   1.0000   1.0000  1.0000  -0.0000  -0.0000 41296.67  0.0002 
S3b      295946   23   1.4584 0.0011   1.4591   1.0000   1.0000  1.0000  -0.0000  -0.0000 43308.18  0.0005 
S3c      295945    3   1.4588 0.0011   1.4591   1.0000   1.0000  1.0000  +0.0000  +0.0000 191689.80  0.0004 
S3d      295946  229   1.4586 0.0010   1.4591   0.9998   1.0000  1.0078  -0.0002  -0.0080 14007.58  0.0004 
C3@7     295946    7   0.9182 0.0008   0.9183   0.9182   0.9183  0.9182  -0.0001  -0.0000 122530.15  0.0001 
C3@9     295946    9   0.9181 0.0009   0.9183   0.9181   0.9183  0.9182  -0.0002  -0.0001 116917.73  0.0002 
C3@13    295946   13   0.9183 0.0009   0.9183   0.9183   0.9183  0.9183  -0.0000  -0.0000 91832.90  0.0000 
C4       295946    5   1.4997 0.0009   1.5000   1.4997   1.5000  1.4989  -0.0003  +0.0008 167209.21  0.0003 
C5       295946   11   0.7221 0.0015   0.7219   0.7221   0.7219  0.7198  +0.0002  +0.0023 72057.30  0.0001 
C6       295946   13   1.9183 0.0009   1.9183   1.9183   1.9183  1.9192  -0.0000  -0.0009 95640.94  0.0001 
C8       295946   17   1.7497 0.0016   1.7500   1.7497   1.7500  1.7474  -0.0003  +0.0023 76153.68  0.0002 
V4       295945    8   0.8108 0.0013   0.8113   0.8108   0.8113  0.8092  -0.0005  +0.0016 145621.14  0.0003 
D4       295946    8   1.9051 0.0009   1.9056   1.6554   1.6556  1.6555  -0.0002  -0.0001 160767.84  0.0004 
A4       295945    9   1.1882 0.0018   1.1887   0.9181   0.9183  0.9188  -0.0002  -0.0007 84972.97  0.0002 
F20      295945    5   1.6797 0.0015   1.6805   1.4997   1.5000  1.4989  -0.0003  +0.0008 141549.19  0.0003 
----------------------------------------------------------------------------------------------------------------
global max |I_meas - I_law| = 0.00048 bits   thickening delta = -0.00044   VERDICT: H0
total runtime 321.3s
wrote /tmp/exp37_precision/result.json
