[regen] status=EXACT_MATCH win=True memb=True order=True wall=10.9
[regen] smoothness spot-check: {'hits_smooth_subsample_all': True, 'controls_nonsmooth_subsample_all': True} wall=11.5
[tensors] built wall=11.7
[mix] amp_mix=0.1774 se=0.0432 z=4.11 amp_orig=0.1163 removal=0.0% wall=12.1
[ctrlA] amp=0.0271 se=0.0102 maxdev=0.0342 pass=True | [ctrlB] amp_sim=0.0860 se_sim=0.0411 wall=12.6
{
 "verdict": "H0: EXCESS SURVIVES mixture -- structure beyond divisibility composition -> NEW MAP ENTRY",
 "rule": "H1 iff amp_mix<SE_mix; H0 iff amp_mix>=2*SE_mix; else PARTIAL; control arm must be null",
 "amp_mix": 0.1774,
 "se_mix": 0.0432,
 "z_mix": 4.11,
 "amp_mix_wide_[0.45,0.85]": 0.1774,
 "amp_orig_single_alpha": 0.1163,
 "se_orig": 0.0,
 "removal_pct": 0.0,
 "corroboration": "consistent",
 "amp_ctla_machinery": 0.0271,
 "se_ctla": 0.0102,
 "ctla_maxdev_all_bins": 0.0342,
 "control_pass": true,
 "amp_sim_estimator_null": 0.086,
 "se_sim": 0.0411,
 "z_null_calibrated_vs_ctrlB": 1.53,
 "calibration_flag": "registered rule fires H0 but null-calibrated z<2 -- max-statistic bias caveat"
}
top kappa_over_g cells: [('2:1,3:1,5:1,7:0', 1.4059, 353), ('2:1,3:1,5:1,7:1', 1.2693, 81), ('2:0,3:1,5:1,7:0', 1.2648, 297), ('2:0,3:1,5:1,7:1', 1.254, 79), ('2:1,3:1,5:0,7:1', 1.2301, 177)]
composition drift max_c: 0.0026921420564765264
WALL 12.6
