{
 "verdict": "H0_PURE_DENSITY",
 "primary_fired": false,
 "sig_lags_det": [],
 "sig_lags_raw": [],
 "rho_raw_max": 0.031828905269440176,
 "rho_det_max": 0.03817457150004141,
 "Z_runs_textbook": 0.35002882048727246,
 "Z_runs_mc": 0.44548368626709284,
 "C2_fired": false,
 "C3_power_ok": true,
 "inside_frac": 1.0,
 "wall_s": 1.28
}
LAG PROFILE (det | raw):
  lag  1: -0.0208 | -0.0119
  lag  2: +0.0052 | +0.0139
  lag  3: -0.0269 | -0.0180
  lag  4: -0.0207 | -0.0119
  lag  5: -0.0198 | -0.0110
  lag  6: -0.0042 | +0.0046
  lag  7: +0.0218 | +0.0303
  lag  8: -0.0228 | -0.0142
  lag  9: -0.0013 | +0.0070
  lag 10: -0.0264 | -0.0176
  lag 11: -0.0207 | -0.0129
  lag 12: +0.0010 | +0.0082
  lag 13: +0.0104 | +0.0170
  lag 14: +0.0112 | +0.0174
  lag 15: -0.0280 | -0.0215
  lag 16: -0.0382 | -0.0318
  lag 17: -0.0207 | -0.0145
  lag 18: -0.0035 | +0.0030
  lag 19: -0.0313 | -0.0241
  lag 20: -0.0185 | -0.0119
