{
 "fits": {
  "n": 9594,
  "nbins": 24,
  "bins_used": 24,
  "single": {
   "b": 1.084246649193598,
   "ssr": 77.15204817904615,
   "ok": true,
   "b_mle": 1.122978451225896,
   "b_ols_logbin": 1.0512593530659018,
   "ll": -48.06721635034974,
   "aicc": 98.31625088251766,
   "left_decile_pred": 0.14099057336978035
  },
  "two": {
   "b_bulk": 0.5723460298622065,
   "b_edge": 10.572346029862205,
   "delta": 9.999999999999998,
   "w_edge": 0.08387752474635472,
   "ssr": 21.881929511320887,
   "ok": true,
   "ll": -32.94581274962414,
   "aicc": 73.09162549924828,
   "left_decile_pred": 0.16071623776008426
  },
  "comparison": {
   "dAICc_two_minus_single": -25.224625383269384,
   "LRT_stat": 30.242807201451193,
   "LRT_p_df2": 2.709304744774148e-07
  },
  "bootstrap": {
   "nboot_done": 25,
   "single_b_ci": [
    0.9989377748507098,
    1.0906009460160855,
    1.1827835763783148
   ],
   "b_bulk_ci": [
    0.3944729115289993,
    0.5746843423567956,
    0.7328642824746978
   ],
   "b_edge_ci": [
    10.394472911528968,
    10.574684342356786,
    10.73286428247469
   ],
   "w_edge_ci": [
    0.06795921848444018,
    0.08536124843336444,
    0.09746619371853689
   ],
   "delta_ci": [
    9.999999999974529,
    9.999999999999998,
    9.999999999999998
   ],
   "left_decile_two_ci": [
    0.15698065270386954,
    0.16088217506967373,
    0.16578326302460447
   ],
   "left_decile_single_ci": [
    0.1374606665578368,
    0.1412555455426933,
    0.1451301693421981
   ],
   "boot_dAICc_median": 55.76184217382804,
   "separation_ok": true,
   "w_in_range": true,
   "decile_covers_obs": null
  }
 },
 "verdicts": {
  "SMOKE_ONLY": true,
  "significant_improvement": false,
  "second_component_degenerate": false,
  "bootstrap_stable": true,
  "left_decile_covered": true,
  "H1_kernel_real": false,
  "H0_single_law_suffices": true,
  "control_dAICc": 5.018951058841736,
  "control_w_edge": 0.00012339457598623305
 },
 "wall_s": 0.34
}