[full] building primorials...
primorials: bits P5=143816 P6=1440509
[full] population: 128 semiprimes bitlen 96, master seed 20260828
population built (0.0s); distinct=True
[full] 8 workers x 16 N x 150000 j-samples (recording positions)...
position capture done (362.2s)
{
 "stats": {
  "mean_hits_per_N": 74.95,
  "var_hits": 477.48,
  "D_raw_index_of_dispersion": 6.37,
  "min_hits": 29,
  "max_hits": 136,
  "zero_hit_N_count": 0,
  "total_hits": 9594,
  "segment_s": {
   "population": 0.0,
   "positions": 362.2,
   "stats": 0.1
  }
 },
 "treatment": {
  "n_hitrich30": 127,
  "leg_a_pooled_KS": {
   "n": 9565,
   "D": 0.09519,
   "p": 6.865605780566865e-76,
   "fires": true
  },
  "leg_b_lag_autocorr": {
   "n_Ns": 127,
   "mean_rho_lags1_10": 0.00283,
   "boot95": [
    0.00112,
    0.00475
   ],
   "ci_excludes_0": true,
   "per_lag_mean_rho": [
    0.00107,
    0.0002,
    0.00404,
    0.00011,
    0.00276,
    -0.0002,
    0.00861,
    0.00628,
    0.0021,
    0.00335
   ],
   "fires": false
  },
  "leg_c_edge_decile": {
   "n": 9565,
   "k": 2244,
   "frac": 0.23461,
   "p_two_sided_vs_p0.20": 1.1415564325126028e-16,
   "fires": false
  }
 },
 "control": {
  "n_hitrich30": 127,
  "leg_a_pooled_KS": {
   "n": 9565,
   "D": 0.00693,
   "p": 0.7443346254823987,
   "fires": false
  },
  "leg_b_lag_autocorr": {
   "n_Ns": 127,
   "mean_rho_lags1_10": 0.00283,
   "boot95": [
    0.00112,
    0.00475
   ],
   "ci_excludes_0": true,
   "per_lag_mean_rho": [
    0.00107,
    0.0002,
    0.00404,
    0.00011,
    0.00276,
    -0.0002,
    0.00861,
    0.00628,
    0.0021,
    0.00335
   ],
   "fires": false
  },
  "leg_c_edge_decile": {
   "n": 9565,
   "k": 1851,
   "frac": 0.19352,
   "p_two_sided_vs_p0.20": 0.11591925013244157,
   "fires": false
  }
 },
 "verdicts": {
  "H1_positional_structure_real": true,
  "H0_uniform_no_positional_geometry": false,
  "verdict": "POSITIONAL-STRUCTURE-REAL",
  "treatment_fired_legs": [
   "leg_a_pooled_KS"
  ],
  "control_fired_legs": []
 }
}
[full] verdict=POSITIONAL-STRUCTURE-REAL wall=363.0s -> exp578_result.json

real	6m3.650s
user	47m56.109s
sys	0m2.495s
