[regen] status=EXACT_MATCH checks={'population_window_exact': True, 'stream_membership_all_samples': True, 'stream_order_walk_samples': [0, 1, 2, 3, 4, 5, 6, 7, 8, 9, 10, 11, 12, 13, 14, 15, 16, 17, 18, 19, 20, 21, 22, 23], 'stream_order_exact': True}
{
 "verdict": "MIXED-PARTIAL: no candidate meets win bars; see ranked removal table",
 "winners": [],
 "control_pass": true,
 "control_bar_note": "registered amp<1.05-ratio restated as excess<0.10 & |z|<3 (pre-full-run, disclosed)",
 "amp_full": 0.2938,
 "se_full": 0.0959,
 "z_full": 3.06,
 "amp_control": 0.0679,
 "se_control": 0.0554,
 "fallback_est_arm": {
  "label": "DEGRADED ARM (statistical N-mod-{3,5,7} inference; kept per coordinator amendment)",
  "ranked": [
   [
    "vd3_b_est",
    0.0,
    false
   ],
   [
    "vd5_b_est",
    0.0,
    false
   ],
   [
    "vd7_b_est",
    0.0,
    false
   ]
  ]
 }
}
EXACT removal table: {'parity_a': (0.0, False, {'0': 2.89, '1': 3.5}), 'vd3_b': (0.0, False, {'0': 4.79, '1': 1.87}), 'vd5_b': (0.0, False, {'0': 4.19, '1': 1.11}), 'vd7_b': (0.0, False, {'0': 3.62, '1': 1.19}), 'om_tercile_c': (0.0, False, {'0': 3.67, '1': 3.56, '2': 3.03}), 'gcd_d': (0.0, False, {'0': 3.62})}
WALL 2.3
