[regen] status=EXACT_MATCH checks={'population_window_exact': True, 'stream_membership_all_samples': True, 'stream_order_walk_samples': [0, 1, 2, 3, 4, 5, 6, 7, 8, 9, 10, 11, 12, 13, 14, 15, 16, 17, 18, 19, 20, 21, 22, 23, 24, 25, 26, 27, 28, 29, 30, 31, 32, 33, 34, 35, 36, 37, 38, 39, 40, 41, 42, 43, 44, 45, 46, 47, 48, 49, 50, 51, 52, 53, 54, 55, 56, 57, 58, 59, 60, 61, 62, 63, 64, 65, 66, 67, 68, 69, 70, 71, 72, 73, 74, 75, 76, 77, 78, 79, 80, 81, 82, 83, 84, 85, 86, 87, 88, 89, 90, 91, 92, 93, 94, 95, 96, 97, 98, 99, 100, 101, 102, 103, 104, 105, 106, 107, 108, 109, 110, 111, 112, 113, 114, 115, 116, 117, 118, 119, 120, 121, 122, 123, 124, 125, 126, 127], 'stream_order_exact': True}
[regen] smoothness validation: {'hits_smooth_subsample_all': True, 'controls_nonsmooth_subsample_all': True}
{
 "verdict": "MIXED-PARTIAL: no candidate meets win bars; see ranked removal table",
 "winners": [],
 "control_pass": true,
 "control_bar_note": "registered amp<1.05-ratio restated as excess<0.10 & |z|<3 (pre-full-run, disclosed)",
 "amp_full": 0.1163,
 "se_full": 0.036,
 "z_full": 3.23,
 "amp_control": 0.0269,
 "se_control": 0.0109,
 "fallback_est_arm": {
  "label": "DEGRADED ARM (statistical N-mod-{3,5,7} inference; kept per coordinator amendment)",
  "ranked": [
   [
    "vd3_b_est",
    0.0,
    true
   ],
   [
    "vd5_b_est",
    0.0,
    false
   ],
   [
    "vd7_b_est",
    0.0,
    false
   ]
  ]
 }
}
EXACT removal table: {'parity_a': (0.0, False, {'0': 3.51, '1': 4.16}), 'vd3_b': (0.0, False, {'0': 4.36, '1': 2.38}), 'vd5_b': (0.0, False, {'0': 4.56, '1': 1.84}), 'vd7_b': (0.0, False, {'0': 3.91, '1': 2.44}), 'om_tercile_c': (0.0, False, {'0': 4.14, '1': 2.49, '2': 4.19}), 'gcd_d': (0.0, False, {'0': 4.17})}
WALL 15.1
