[smoke] building primorials...
primorials bits P5=143816 P6=1440509
population built (0.0s)
[smoke] 2 workers x 8 N x 20000 j-samples...
sampling regen done (48.9s); total hits=167
smoke determinism check (N0 inline regen): identical=True (5.9s)
building primes<=1e6 ...
78498 primes
factoring done (0.6s); nonsmooth_hits=0 (must be 0)
count matrices done (0.0s); k100 terciles q1=2 q2=3; ctl_none_band=6
baselines done (0.7s); rho table max err=3.07e-05
pooled anchors: {'R_first': 1.2731, 'R_peak': 2.466, 'peak_bin': 31, 'R_last': 0.0} cal_ok=False
/home/raver1975/.local/lib/python3.12/site-packages/numpy/lib/nanfunctions.py:1384: RuntimeWarning: All-NaN slice encountered
  return _nanquantile_unchecked(
/home/raver1975/factor3/ResearchOutput/scripts/2026-08-24-round74/exp581_hump_mechanism.py:346: RuntimeWarning: invalid value encountered in divide
  out[r] = (tn / Mnorm).T.reshape(-1)
/home/raver1975/factor3/ResearchOutput/scripts/2026-08-24-round74/exp581_hump_mechanism.py:589: RuntimeWarning: invalid value encountered in divide
  fams[lbl] = analyze_family(Tkn / Tpool,
bootstrap+fits done (0.3s)
{
 "verdict": "MIXED-INCONCLUSIVE",
 "carrier": null,
 "fires_LPF": [],
 "fires_k100": [],
 "contaminated": false,
 "calibration": {
  "R_first": 1.2731,
  "R_peak": 2.466,
  "peak_bin": 31,
  "R_last": 0.0
 },
 "cal_ok": false,
 "pooled_fires": false,
 "family_fires": {
  "treatment_pooled": false,
  "lpf<=100": false,
  "lpf_100_1e3": false,
  "lpf_1e3_1e4": false,
  "lpf_gt_1e4": false,
  "k100_tercile_1": false,
  "k100_tercile_2": false,
  "k100_tercile_3": false,
  "control_pooled": false
 },
 "masses": {
  "obs": [
   0,
   0,
   0,
   167
  ],
  "mu": [
   0.0,
   0.0,
   0.0013,
   0.9987
  ]
 },
 "wall_s": 56.8
}
[smoke] verdict=MIXED-INCONCLUSIVE carrier=None wall=56.8s -> exp581_smoke_result.json
