[regen] status=EXACT_MATCH win=True memb=True order=True wall=2.1
[tensors] built wall=2.2
[mix] amp_mix=0.3483 se=0.1140 z=3.06 amp_orig=0.2938 removal=0.0% wall=2.2
[ctrlA] amp=0.0828 se=0.0506 maxdev=0.1180 pass=False | [ctrlB] amp_sim=0.0894 se_sim=0.0977 wall=2.2
{
 "verdict": "ARTIFACT-CONTAMINATED: CTRL-A machinery null violated; no channel verdict",
 "rule": "H1 iff amp_mix<SE_mix; H0 iff amp_mix>=2*SE_mix; else PARTIAL; control arm must be null",
 "amp_mix": 0.3483,
 "se_mix": 0.114,
 "z_mix": 3.06,
 "amp_mix_wide_[0.45,0.85]": 0.3483,
 "amp_orig_single_alpha": 0.2938,
 "se_orig": 0.0011,
 "removal_pct": 0.0,
 "corroboration": "consistent",
 "amp_ctla_machinery": 0.0828,
 "se_ctla": 0.0506,
 "ctla_maxdev_all_bins": 0.118,
 "control_pass": false,
 "amp_sim_estimator_null": 0.0894,
 "se_sim": 0.0977,
 "z_null_calibrated_vs_ctrlB": 1.72,
 "calibration_flag": null
}
top kappa_over_g cells: [('2:1,3:1,5:1,7:0', 1.0816, 92), ('2:1,3:1,5:0,7:1', 1.04, 53), ('2:1,3:0,5:0,7:1', 1.0394, 43), ('2:0,3:1,5:1,7:0', 1.0344, 60), ('2:1,3:0,5:1,7:0', 1.0296, 56)]
composition drift max_c: 0.005748962168855037
WALL 2.2
